Archive member included to satisfy reference by file (symbol)

/root/msdk-2024_02/Libraries/PeriphDrivers/bin/MAX78000/softfp/libPeriphDriver_softfp.a(mxc_delay.o)
                              /decoder/build/board.o (MXC_Delay)
/root/msdk-2024_02/Libraries/PeriphDrivers/bin/MAX78000/softfp/libPeriphDriver_softfp.a(nvic_table.o)
                              /decoder/build/flash_helper.o (MXC_NVIC_SetVector)
/root/msdk-2024_02/Libraries/PeriphDrivers/bin/MAX78000/softfp/libPeriphDriver_softfp.a(pins_ai85.o)
                              /decoder/build/camera.o (gpio_cfg_pcif_xclk)
/root/msdk-2024_02/Libraries/PeriphDrivers/bin/MAX78000/softfp/libPeriphDriver_softfp.a(sys_ai85.o)
                              /decoder/build/board.o (MXC_SYS_ClockEnable)
/root/msdk-2024_02/Libraries/PeriphDrivers/bin/MAX78000/softfp/libPeriphDriver_softfp.a(aes_me17.o)
                              /root/msdk-2024_02/Libraries/PeriphDrivers/bin/MAX78000/softfp/libPeriphDriver_softfp.a(sys_ai85.o) (MXC_AES_Init)
/root/msdk-2024_02/Libraries/PeriphDrivers/bin/MAX78000/softfp/libPeriphDriver_softfp.a(aes_revb.o)
                              /root/msdk-2024_02/Libraries/PeriphDrivers/bin/MAX78000/softfp/libPeriphDriver_softfp.a(aes_me17.o) (MXC_AES_RevB_Init)
/root/msdk-2024_02/Libraries/PeriphDrivers/bin/MAX78000/softfp/libPeriphDriver_softfp.a(cameraif_ai85.o)
                              /decoder/build/camera.o (MXC_PCIF_Init)
/root/msdk-2024_02/Libraries/PeriphDrivers/bin/MAX78000/softfp/libPeriphDriver_softfp.a(cameraif_reva.o)
                              /root/msdk-2024_02/Libraries/PeriphDrivers/bin/MAX78000/softfp/libPeriphDriver_softfp.a(cameraif_ai85.o) (MXC_PCIF_RevA_SetDatawidth)
/root/msdk-2024_02/Libraries/PeriphDrivers/bin/MAX78000/softfp/libPeriphDriver_softfp.a(dma_me17.o)
                              /decoder/build/fastspi.o (MXC_DMA_Init)
/root/msdk-2024_02/Libraries/PeriphDrivers/bin/MAX78000/softfp/libPeriphDriver_softfp.a(dma_reva.o)
                              /root/msdk-2024_02/Libraries/PeriphDrivers/bin/MAX78000/softfp/libPeriphDriver_softfp.a(dma_me17.o) (MXC_DMA_RevA_Init)
/root/msdk-2024_02/Libraries/PeriphDrivers/bin/MAX78000/softfp/libPeriphDriver_softfp.a(flc_me17.o)
                              /decoder/build/flash_helper.o (MXC_FLC_PageErase)
/root/msdk-2024_02/Libraries/PeriphDrivers/bin/MAX78000/softfp/libPeriphDriver_softfp.a(flc_reva.o)
                              /root/msdk-2024_02/Libraries/PeriphDrivers/bin/MAX78000/softfp/libPeriphDriver_softfp.a(flc_me17.o) (MXC_FLC_RevA_Busy)
/root/msdk-2024_02/Libraries/PeriphDrivers/bin/MAX78000/softfp/libPeriphDriver_softfp.a(gpio_ai85.o)
                              /decoder/build/led.o (MXC_GPIO_Config)
/root/msdk-2024_02/Libraries/PeriphDrivers/bin/MAX78000/softfp/libPeriphDriver_softfp.a(gpio_reva.o)
                              /root/msdk-2024_02/Libraries/PeriphDrivers/bin/MAX78000/softfp/libPeriphDriver_softfp.a(gpio_ai85.o) (MXC_GPIO_RevA_InGet)
/root/msdk-2024_02/Libraries/PeriphDrivers/bin/MAX78000/softfp/libPeriphDriver_softfp.a(i2c_me17.o)
                              /decoder/build/max20303.o (MXC_I2C_Init)
/root/msdk-2024_02/Libraries/PeriphDrivers/bin/MAX78000/softfp/libPeriphDriver_softfp.a(i2c_reva.o)
                              /root/msdk-2024_02/Libraries/PeriphDrivers/bin/MAX78000/softfp/libPeriphDriver_softfp.a(i2c_me17.o) (MXC_I2C_RevA_DMACallback)
/root/msdk-2024_02/Libraries/PeriphDrivers/bin/MAX78000/softfp/libPeriphDriver_softfp.a(icc_me17.o)
                              /decoder/build/system_max78000.o (MXC_ICC_Enable)
/root/msdk-2024_02/Libraries/PeriphDrivers/bin/MAX78000/softfp/libPeriphDriver_softfp.a(icc_reva.o)
                              /root/msdk-2024_02/Libraries/PeriphDrivers/bin/MAX78000/softfp/libPeriphDriver_softfp.a(icc_me17.o) (MXC_ICC_RevA_ID)
/root/msdk-2024_02/Libraries/PeriphDrivers/bin/MAX78000/softfp/libPeriphDriver_softfp.a(pt_ai85.o)
                              /decoder/build/camera.o (MXC_PT_Init)
/root/msdk-2024_02/Libraries/PeriphDrivers/bin/MAX78000/softfp/libPeriphDriver_softfp.a(pt_reva.o)
                              /root/msdk-2024_02/Libraries/PeriphDrivers/bin/MAX78000/softfp/libPeriphDriver_softfp.a(pt_ai85.o) (MXC_PT_RevA_Init)
/root/msdk-2024_02/Libraries/PeriphDrivers/bin/MAX78000/softfp/libPeriphDriver_softfp.a(spi_me17.o)
                              /decoder/build/tft_ili9341.o (MXC_SPI_Init)
/root/msdk-2024_02/Libraries/PeriphDrivers/bin/MAX78000/softfp/libPeriphDriver_softfp.a(spi_reva1.o)
                              /root/msdk-2024_02/Libraries/PeriphDrivers/bin/MAX78000/softfp/libPeriphDriver_softfp.a(spi_me17.o) (MXC_SPI_RevA1_Init)
/root/msdk-2024_02/Libraries/PeriphDrivers/bin/MAX78000/softfp/libPeriphDriver_softfp.a(trng_revb.o)
                              /root/msdk-2024_02/Libraries/PeriphDrivers/bin/MAX78000/softfp/libPeriphDriver_softfp.a(aes_me17.o) (MXC_TRNG_RevB_GenerateKey)
[...]
Memory Configuration

Name             Origin             Length             Attributes
ROM              0x00000000         0x00010000         xr
BOOTLOADER       0x10000000         0x0000e000         xr
FLASH            0x1000e000         0x00038000         xr
RESERVED         0x10046000         0x00038000         rw
ROM_BL_PAGE      0x1007e000         0x00002000         rw
SRAM             0x20000000         0x00020000         xrw
*default*        0x00000000         0xffffffff

Linker script and memory map

LOAD /usr/lib/gcc/arm-none-eabi/13.2.1/thumb/v7e-m/nofp/crti.o
LOAD /usr/lib/gcc/arm-none-eabi/13.2.1/thumb/v7e-m/nofp/crtbegin.o
LOAD /usr/lib/gcc/arm-none-eabi/13.2.1/../../../arm-none-eabi/lib/thumb/v7e-m/nofp/crt0.o
LOAD /decoder/build/crypto_helper.o
LOAD /decoder/build/decoder.o
LOAD /decoder/build/flash_helper.o
LOAD /decoder/build/host_messaging.o
LOAD /decoder/build/simple_uart.o
LOAD /decoder/build/aes.o
LOAD /decoder/build/arc4.o
LOAD /decoder/build/ascon.o
LOAD /decoder/build/asm.o
LOAD /decoder/build/asn.o
LOAD /decoder/build/async.o
LOAD /decoder/build/blake2b.o
LOAD /decoder/build/blake2s.o
LOAD /decoder/build/camellia.o
LOAD /decoder/build/chacha.o
LOAD /decoder/build/chacha20_poly1305.o
LOAD /decoder/build/cmac.o
LOAD /decoder/build/coding.o
LOAD /decoder/build/compress.o
LOAD /decoder/build/cpuid.o
LOAD /decoder/build/cryptocb.o
LOAD /decoder/build/curve25519.o
LOAD /decoder/build/curve448.o
LOAD /decoder/build/des3.o
LOAD /decoder/build/dh.o
LOAD /decoder/build/dilithium.o
LOAD /decoder/build/dsa.o
LOAD /decoder/build/ecc.o
LOAD /decoder/build/ecc_fp.o
LOAD /decoder/build/eccsi.o
LOAD /decoder/build/ed25519.o
LOAD /decoder/build/ed448.o
LOAD /decoder/build/error.o
LOAD /decoder/build/evp.o
LOAD /decoder/build/ext_kyber.o
LOAD /decoder/build/ext_lms.o
LOAD /decoder/build/ext_xmss.o
LOAD /decoder/build/falcon.o
LOAD /decoder/build/fe_448.o
LOAD /decoder/build/fe_low_mem.o
LOAD /decoder/build/fe_operations.o
LOAD /decoder/build/fips.o
LOAD /decoder/build/fips_test.o
LOAD /decoder/build/ge_448.o
LOAD /decoder/build/ge_low_mem.o
LOAD /decoder/build/ge_operations.o
LOAD /decoder/build/hash.o
LOAD /decoder/build/hmac.o
LOAD /decoder/build/hpke.o
LOAD /decoder/build/integer.o
LOAD /decoder/build/kdf.o
LOAD /decoder/build/logging.o
LOAD /decoder/build/md2.o
LOAD /decoder/build/md4.o
LOAD /decoder/build/md5.o
LOAD /decoder/build/memory.o
LOAD /decoder/build/misc.o
LOAD /decoder/build/pkcs12.o
LOAD /decoder/build/pkcs7.o
LOAD /decoder/build/poly1305.o
LOAD /decoder/build/pwdbased.o
LOAD /decoder/build/random.o
LOAD /decoder/build/rc2.o
LOAD /decoder/build/ripemd.o
LOAD /decoder/build/rsa.o
LOAD /decoder/build/sakke.o
LOAD /decoder/build/selftest.o
LOAD /decoder/build/sha.o
LOAD /decoder/build/sha256.o
LOAD /decoder/build/sha3.o
LOAD /decoder/build/sha512.o
LOAD /decoder/build/signature.o
LOAD /decoder/build/siphash.o
LOAD /decoder/build/sm2.o
LOAD /decoder/build/sm3.o
LOAD /decoder/build/sm4.o
LOAD /decoder/build/sp_arm32.o
LOAD /decoder/build/sp_arm64.o
LOAD /decoder/build/sp_armthumb.o
LOAD /decoder/build/sp_c32.o
LOAD /decoder/build/sp_c64.o
LOAD /decoder/build/sp_cortexm.o
LOAD /decoder/build/sp_dsp32.o
LOAD /decoder/build/sp_int.o
LOAD /decoder/build/sp_sm2_arm32.o
LOAD /decoder/build/sp_sm2_arm64.o
LOAD /decoder/build/sp_sm2_armthumb.o
LOAD /decoder/build/sp_sm2_c32.o
LOAD /decoder/build/sp_sm2_c64.o
LOAD /decoder/build/sp_sm2_cortexm.o
LOAD /decoder/build/sp_sm2_x86_64.o
LOAD /decoder/build/sp_x86_64.o
LOAD /decoder/build/sphincs.o
LOAD /decoder/build/srp.o
LOAD /decoder/build/tfm.o
LOAD /decoder/build/wc_dsp.o
LOAD /decoder/build/wc_encrypt.o
LOAD /decoder/build/wc_kyber.o
LOAD /decoder/build/wc_kyber_poly.o
LOAD /decoder/build/wc_lms.o
LOAD /decoder/build/wc_lms_impl.o
LOAD /decoder/build/wc_pkcs11.o
LOAD /decoder/build/wc_port.o
LOAD /decoder/build/wc_xmss.o
LOAD /decoder/build/wc_xmss_impl.o
LOAD /decoder/build/wolfcrypt_first.o
LOAD /decoder/build/wolfcrypt_last.o
LOAD /decoder/build/wolfevent.o
LOAD /decoder/build/wolfmath.o
LOAD /decoder/build/board.o
LOAD /decoder/build/stdio.o
LOAD /decoder/build/led.o
LOAD /decoder/build/pb.o
LOAD /decoder/build/tft_ili9341.o
LOAD /decoder/build/camera.o
LOAD /decoder/build/ov7692.o
LOAD /decoder/build/sccb.o
LOAD /decoder/build/max20303.o
LOAD /decoder/build/max9867.o
LOAD /decoder/build/N01S830HA.o
LOAD /decoder/build/fastspi.o
LOAD /decoder/build/startup_firmware.o
LOAD /decoder/build/heap.o
LOAD /decoder/build/system_max78000.o
START GROUP
LOAD /root/msdk-2024_02/Libraries/PeriphDrivers/bin/MAX78000/softfp/libPeriphDriver_softfp.a
LOAD /usr/lib/gcc/arm-none-eabi/13.2.1/../../../arm-none-eabi/lib/thumb/v7e-m/nofp/libc.a
LOAD /usr/lib/gcc/arm-none-eabi/13.2.1/../../../arm-none-eabi/lib/thumb/v7e-m/nofp/libm.a
LOAD /usr/lib/gcc/arm-none-eabi/13.2.1/../../../arm-none-eabi/lib/thumb/v7e-m/nofp/libnosys.a
END GROUP
START GROUP
LOAD /usr/lib/gcc/arm-none-eabi/13.2.1/thumb/v7e-m/nofp/libgcc.a
LOAD /usr/lib/gcc/arm-none-eabi/13.2.1/../../../arm-none-eabi/lib/thumb/v7e-m/nofp/libc.a
END GROUP
LOAD /usr/lib/gcc/arm-none-eabi/13.2.1/thumb/v7e-m/nofp/crtend.o
LOAD /usr/lib/gcc/arm-none-eabi/13.2.1/thumb/v7e-m/nofp/crtn.o

.rom
 *(.rom_vector)
 *(.rom_handlers*)

.text           0x1000e000    0x1290c
                0x1000e000                        _text = .
 *(.isr_vector)
 .isr_vector    0x1000e000      0x1e0 /decoder/build/startup_firmware.o
                0x1000e000                __isr_vector
 *(.firmware_startup)
 *fill*         0x1000e1e0       0x20 
 .firmware_startup
                0x1000e200        0x8 /decoder/build/startup_firmware.o
                0x1000e200                firmware_startup
 *(.text*)
 .text          0x1000e208       0x88 /usr/lib/gcc/arm-none-eabi/13.2.1/thumb/v7e-m/nofp/crtbegin.o
 .text.rle_decode
                0x1000e290       0x94 /decoder/build/crypto_helper.o
                0x1000e290                rle_decode
 .text.decrypt_cbc_aes256
                0x1000e324       0x34 /decoder/build/crypto_helper.o
                0x1000e324                decrypt_cbc_aes256
 .text.encrypt_cbc_aes256
                0x1000e358       0x34 /decoder/build/crypto_helper.o
                0x1000e358                encrypt_cbc_aes256
 .text.verify_hmac_sha256
                0x1000e38c       0xac /decoder/build/crypto_helper.o
                0x1000e38c                verify_hmac_sha256
 .text.generate_secrets
                0x1000e438      0x178 /decoder/build/crypto_helper.o
                0x1000e438                generate_secrets
 .text.deobfuscate
                0x1000e5b0       0xc4 /decoder/build/decoder.o
                0x1000e5b0                deobfuscate
 .text.boot_flag
                0x1000e674       0x60 /decoder/build/decoder.o
                0x1000e674                boot_flag
 .text.list_channels
                0x1000e6d4       0x74 /decoder/build/decoder.o
                0x1000e6d4                list_channels
 .text.update_subscription
                0x1000e748      0x1b8 /decoder/build/decoder.o
                0x1000e748                update_subscription
 .text.decode   0x1000e900      0x2e0 /decoder/build/decoder.o
                0x1000e900                decode
 .text.init     0x1000ebe0       0xc0 /decoder/build/decoder.o
                0x1000ebe0                init
 .text.startup.main
                0x1000eca0      0x158 /decoder/build/decoder.o
                0x1000eca0                main
 .text.flash_irq
                0x1000edf8       0x30 /decoder/build/flash_helper.o
                0x1000edf8                flash_irq
 .text.flash_init
                0x1000ee28       0x30 /decoder/build/flash_helper.o
                0x1000ee28                flash_init
 .text.flash_erase_page
                0x1000ee58        0x4 /decoder/build/flash_helper.o
                0x1000ee58                flash_erase_page
 .text.flash_read
                0x1000ee5c       0x70 /decoder/build/flash_helper.o
                0x1000ee5c                flash_read
 .text.flash_write
                0x1000eecc       0x64 /decoder/build/flash_helper.o
                0x1000eecc                flash_write
 .text.read_bytes
                0x1000ef30       0x6c /decoder/build/host_messaging.o
                0x1000ef30                read_bytes
 .text.read_ack
                0x1000ef9c       0x40 /decoder/build/host_messaging.o
                0x1000ef9c                read_ack
 .text.write_bytes
                0x1000efdc       0x3c /decoder/build/host_messaging.o
                0x1000efdc                write_bytes
 .text.write_packet
                0x1000f018       0x7c /decoder/build/host_messaging.o
                0x1000f018                write_packet
 .text.read_packet
                0x1000f094       0xa8 /decoder/build/host_messaging.o
                0x1000f094                read_packet
 .text.uart_init
                0x1000f13c       0x2c /decoder/build/simple_uart.o
                0x1000f13c                uart_init
 .text.uart_readbyte
                0x1000f168        0xc /decoder/build/simple_uart.o
                0x1000f168                uart_readbyte
 .text.uart_writebyte
                0x1000f174       0x10 /decoder/build/simple_uart.o
                0x1000f174                uart_writebyte
 .text.AesEncrypt_C
                0x1000f184      0xde4 /decoder/build/aes.o
 .text.AesDecrypt_C
                0x1000ff68      0xd80 /decoder/build/aes.o
 .text.wc_AesSetKeyLocal.isra.0
                0x10010ce8      0x4a4 /decoder/build/aes.o
 .text.wc_AesSetKey
                0x1001118c       0x1c /decoder/build/aes.o
                0x1001118c                wc_AesSetKey
 .text.wc_AesCbcEncrypt
                0x100111a8       0xe4 /decoder/build/aes.o
                0x100111a8                wc_AesCbcEncrypt
 .text.wc_AesCbcDecrypt
                0x1001128c       0xe8 /decoder/build/aes.o
                0x1001128c                wc_AesCbcDecrypt
 .text.HmacKeyInnerHash
                0x10011374       0x44 /decoder/build/hmac.o
 .text._InitHmac
                0x100113b8       0x4c /decoder/build/hmac.o
                0x100113b8                _InitHmac
 .text.wc_HmacUpdate
                0x10011404       0x74 /decoder/build/hmac.o
                0x10011404                wc_HmacUpdate
 .text.wc_HmacFinal
                0x10011478       0xf0 /decoder/build/hmac.o
                0x10011478                wc_HmacFinal
 .text.wc_HmacInit
                0x10011568       0x20 /decoder/build/hmac.o
                0x10011568                wc_HmacInit
 .text.wc_HmacFree
                0x10011588       0x3c /decoder/build/hmac.o
                0x10011588                wc_HmacFree
 .text.wc_HmacSetKey_ex
                0x100115c4      0x134 /decoder/build/hmac.o
                0x100115c4                wc_HmacSetKey_ex
 .text.wc_HmacSetKey
                0x100116f8       0x10 /decoder/build/hmac.o
                0x100116f8                wc_HmacSetKey
 .text.Transform
                0x10011708      0x728 /decoder/build/md5.o
 .text.wc_InitMd5_ex
                0x10011e30       0x40 /decoder/build/md5.o
                0x10011e30                wc_InitMd5_ex
 .text.wc_Md5Update
                0x10011e70      0x104 /decoder/build/md5.o
                0x10011e70                wc_Md5Update
 .text.wc_Md5Final
                0x10011f74       0xb8 /decoder/build/md5.o
                0x10011f74                wc_Md5Final
 .text.wc_Md5Free
                0x1001202c        0x4 /decoder/build/md5.o
                0x1001202c                wc_Md5Free
 .text.Transform
                0x10012030      0xe60 /decoder/build/sha.o
 .text.wc_InitSha_ex
                0x10012e90       0x48 /decoder/build/sha.o
                0x10012e90                wc_InitSha_ex
 .text.wc_ShaUpdate
                0x10012ed8      0x140 /decoder/build/sha.o
                0x10012ed8                wc_ShaUpdate
 .text.wc_ShaFinal
                0x10013018      0x124 /decoder/build/sha.o
                0x10013018                wc_ShaFinal
 .text.wc_ShaFree
                0x1001313c        0x4 /decoder/build/sha.o
                0x1001313c                wc_ShaFree
 .text.Transform_Sha256
                0x10013140      0x33c /decoder/build/sha256.o
 .text.wc_InitSha256_ex
                0x1001347c       0x5c /decoder/build/sha256.o
                0x1001347c                wc_InitSha256_ex
 .text.wc_Sha256Update
                0x100134d8      0x10c /decoder/build/sha256.o
                0x100134d8                wc_Sha256Update
 .text.wc_Sha256Final
                0x100135e4      0x13c /decoder/build/sha256.o
                0x100135e4                wc_Sha256Final
 .text.wc_InitSha256
                0x10013720       0x5c /decoder/build/sha256.o
                0x10013720                wc_InitSha256
 .text.wc_Sha256Free
                0x1001377c       0x14 /decoder/build/sha256.o
                0x1001377c                wc_Sha256Free
 .text.mxc_assert
                0x10013790       0x10 /decoder/build/board.o
                0x10013790                mxc_assert
 .text.GPIO0_IRQHandler
                0x100137a0        0x8 /decoder/build/board.o
                0x100137a0                GPIO0_IRQHandler
 .text.GPIO1_IRQHandler
                0x100137a8        0x8 /decoder/build/board.o
                0x100137a8                GPIO1_IRQHandler
 .text.Board_Init
                0x100137b0       0x6c /decoder/build/board.o
                0x100137b0                Board_Init
 .text.NMI_Handler
                0x1001381c        0x4 /decoder/build/board.o
                0x1001381c                NMI_Handler
 .text._close   0x10013820        0x8 /decoder/build/stdio.o
                0x10013820                _close
 .text._isatty  0x10013828        0x8 /decoder/build/stdio.o
                0x10013828                _isatty
 .text._lseek   0x10013830        0x8 /decoder/build/stdio.o
                0x10013830                _lseek
 .text._fstat   0x10013838        0x8 /decoder/build/stdio.o
                0x10013838                _fstat
 .text._read    0x10013840       0x5c /decoder/build/stdio.o
                0x10013840                _read
 .text._write   0x1001389c       0x54 /decoder/build/stdio.o
                0x1001389c                _write
 .text.LED_Init
                0x100138f0       0x40 /decoder/build/led.o
                0x100138f0                LED_Init
 .text.LED_On   0x10013930       0x40 /decoder/build/led.o
                0x10013930                LED_On
 .text.LED_Off  0x10013970       0x40 /decoder/build/led.o
                0x10013970                LED_Off
 .text.PB_Init  0x100139b0       0x38 /decoder/build/pb.o
                0x100139b0                PB_Init
 .text          0x100139e8      0x148 /decoder/build/startup_firmware.o
                0x100139e8                Reset_Handler
                0x10013a26                HardFault_Handler
                0x10013a28                MemManage_Handler
                0x10013a2a                BusFault_Handler
                0x10013a2c                UsageFault_Handler
                0x10013a2e                SVC_Handler
                0x10013a30                DebugMon_Handler
                0x10013a32                PendSV_Handler
                0x10013a34                SysTick_Handler
                0x10013a36                Default_Handler
                0x10013a38                PF_IRQHandler
                0x10013a3a                WDT0_IRQHandler
                0x10013a3c                RSV02_IRQHandler
                0x10013a3e                RTC_IRQHandler
                0x10013a40                TRNG_IRQHandler
                0x10013a42                TMR0_IRQHandler
                0x10013a44                TMR1_IRQHandler
                0x10013a46                TMR2_IRQHandler
                0x10013a48                TMR3_IRQHandler
                0x10013a4a                TMR4_IRQHandler
                0x10013a4c                TMR5_IRQHandler
                0x10013a4e                RSV11_IRQHandler
                0x10013a50                RSV12_IRQHandler
                0x10013a52                I2C0_IRQHandler
                0x10013a54                UART0_IRQHandler
                0x10013a56                UART1_IRQHandler
                0x10013a58                SPI1_IRQHandler
                0x10013a5a                RSV17_IRQHandler
                0x10013a5c                RSV18_IRQHandler
                0x10013a5e                RSV19_IRQHandler
                0x10013a60                ADC_IRQHandler
                0x10013a62                RSV21_IRQHandler
                0x10013a64                RSV22_IRQHandler
                0x10013a66                FLC0_IRQHandler
                0x10013a6c                GPIO2_IRQHandler
                0x10013a6e                RSV27_IRQHandler
                0x10013a70                DMA0_IRQHandler
                0x10013a72                DMA1_IRQHandler
                0x10013a74                DMA2_IRQHandler
                0x10013a76                DMA3_IRQHandler
                0x10013a78                RSV32_IRQHandler
                0x10013a7a                RSV33_IRQHandler
                0x10013a7c                UART2_IRQHandler
                0x10013a7e                RSV35_IRQHandler
                0x10013a80                I2C1_IRQHandler
                0x10013a82                RSV37_IRQHandler
                0x10013a84                RSV38_IRQHandler
                0x10013a86                RSV39_IRQHandler
                0x10013a88                RSV40_IRQHandler
                0x10013a8a                RSV41_IRQHandler
                0x10013a8c                RSV42_IRQHandler
                0x10013a8e                RSV43_IRQHandler
                0x10013a90                RSV44_IRQHandler
                0x10013a92                RSV45_IRQHandler
                0x10013a94                RSV46_IRQHandler
                0x10013a96                RSV47_IRQHandler
                0x10013a98                RSV48_IRQHandler
                0x10013a9a                RSV49_IRQHandler
                0x10013a9c                RSV50_IRQHandler
                0x10013a9e                RSV51_IRQHandler
                0x10013aa0                RSV52_IRQHandler
                0x10013aa2                WUT_IRQHandler
                0x10013aa4                GPIOWAKE_IRQHandler
                0x10013aa6                RSV55_IRQHandler
                0x10013aa8                SPI0_IRQHandler
                0x10013aaa                WDT1_IRQHandler
                0x10013aac                RSV58_IRQHandler
                0x10013aae                PT_IRQHandler
                0x10013ab0                RSV60_IRQHandler
                0x10013ab2                RSV61_IRQHandler
                0x10013ab4                I2C2_IRQHandler
                0x10013ab6                RISCV_IRQHandler
                0x10013ab8                RSV64_IRQHandler
                0x10013aba                RSV65_IRQHandler
                0x10013abc                RSV66_IRQHandler
                0x10013abe                OWM_IRQHandler
                0x10013ac0                RSV68_IRQHandler
                0x10013ac2                RSV69_IRQHandler
                0x10013ac4                RSV70_IRQHandler
                0x10013ac6                RSV71_IRQHandler
                0x10013ac8                RSV72_IRQHandler
                0x10013aca                RSV73_IRQHandler
                0x10013acc                RSV74_IRQHandler
                0x10013ace                RSV75_IRQHandler
                0x10013ad0                RSV76_IRQHandler
                0x10013ad2                RSV77_IRQHandler
                0x10013ad4                RSV78_IRQHandler
                0x10013ad6                RSV79_IRQHandler
                0x10013ad8                RSV80_IRQHandler
                0x10013ada                RSV81_IRQHandler
                0x10013adc                ECC_IRQHandler
                0x10013ade                DVS_IRQHandler
                0x10013ae0                SIMO_IRQHandler
                0x10013ae2                RSV85_IRQHandler
                0x10013ae4                RSV86_IRQHandler
                0x10013ae6                RSV87_IRQHandler
                0x10013ae8                UART3_IRQHandler
                0x10013aea                RSV89_IRQHandler
                0x10013aec                RSV90_IRQHandler
                0x10013aee                PCIF_IRQHandler
                0x10013af0                RSV92_IRQHandler
                0x10013af2                RSV93_IRQHandler
                0x10013af4                RSV94_IRQHandler
                0x10013af6                RSV95_IRQHandler
                0x10013af8                RSV96_IRQHandler
                0x10013afa                AES_IRQHandler
                0x10013afc                RSV98_IRQHandler
                0x10013afe                I2S_IRQHandler
                0x10013b00                CNN_FIFO_IRQHandler
                0x10013b02                CNN_IRQHandler
                0x10013b04                RSV102_IRQHandler
                0x10013b06                LPCMP_IRQHandler
 .text._sbrk    0x10013b30       0x3c /decoder/build/heap.o
                0x10013b30                _sbrk
 .text._getpid  0x10013b6c        0x8 /decoder/build/system_max78000.o
                0x10013b6c                _getpid
 .text._kill    0x10013b74        0x8 /decoder/build/system_max78000.o
                0x10013b74                _kill
 .text.SystemCoreClockUpdate
                0x10013b7c       0x6c /decoder/build/system_max78000.o
                0x10013b7c                SystemCoreClockUpdate
 .text.PreInit  0x10013be8        0x4 /decoder/build/system_max78000.o
                0x10013be8                PreInit
 .text.SystemInit
                0x10013bec       0x38 /decoder/build/system_max78000.o
                0x10013bec                SystemInit
 .text.MXC_DelayInit
                0x10013c24       0x7c /root/msdk-2024_02/Libraries/PeriphDrivers/bin/MAX78000/softfp/libPeriphDriver_softfp.a(mxc_delay.o)
 .text.MXC_DelayAsync
                0x10013ca0       0x3c /root/msdk-2024_02/Libraries/PeriphDrivers/bin/MAX78000/softfp/libPeriphDriver_softfp.a(mxc_delay.o)
                0x10013ca0                MXC_DelayAsync
 .text.MXC_DelayCheck
                0x10013cdc       0x70 /root/msdk-2024_02/Libraries/PeriphDrivers/bin/MAX78000/softfp/libPeriphDriver_softfp.a(mxc_delay.o)
                0x10013cdc                MXC_DelayCheck
 .text.MXC_DelayAbort
                0x10013d4c       0x34 /root/msdk-2024_02/Libraries/PeriphDrivers/bin/MAX78000/softfp/libPeriphDriver_softfp.a(mxc_delay.o)
                0x10013d4c                MXC_DelayAbort
 .text.MXC_Delay
                0x10013d80       0x74 /root/msdk-2024_02/Libraries/PeriphDrivers/bin/MAX78000/softfp/libPeriphDriver_softfp.a(mxc_delay.o)
                0x10013d80                MXC_Delay
 .text.MXC_NVIC_SetVector
                0x10013df4       0x50 /root/msdk-2024_02/Libraries/PeriphDrivers/bin/MAX78000/softfp/libPeriphDriver_softfp.a(nvic_table.o)
                0x10013df4                MXC_NVIC_SetVector
 .text.MXC_SYS_ClockDisable
                0x10013e44       0x40 /root/msdk-2024_02/Libraries/PeriphDrivers/bin/MAX78000/softfp/libPeriphDriver_softfp.a(sys_ai85.o)
                0x10013e44                MXC_SYS_ClockDisable
 .text.MXC_SYS_ClockEnable
                0x10013e84       0x44 /root/msdk-2024_02/Libraries/PeriphDrivers/bin/MAX78000/softfp/libPeriphDriver_softfp.a(sys_ai85.o)
                0x10013e84                MXC_SYS_ClockEnable
 .text.MXC_SYS_ClockSourceEnable
                0x10013ec8       0xf4 /root/msdk-2024_02/Libraries/PeriphDrivers/bin/MAX78000/softfp/libPeriphDriver_softfp.a(sys_ai85.o)
                0x10013ec8                MXC_SYS_ClockSourceEnable
 .text.MXC_SYS_Reset_Periph
                0x10013fbc       0x48 /root/msdk-2024_02/Libraries/PeriphDrivers/bin/MAX78000/softfp/libPeriphDriver_softfp.a(sys_ai85.o)
                0x10013fbc                MXC_SYS_Reset_Periph
 .text.MXC_FLC_Write32
                0x10014004       0x70 /root/msdk-2024_02/Libraries/PeriphDrivers/bin/MAX78000/softfp/libPeriphDriver_softfp.a(flc_me17.o)
                0x10014004                MXC_FLC_Write32
 .text.MXC_FLC_Write
                0x10014074        0x4 /root/msdk-2024_02/Libraries/PeriphDrivers/bin/MAX78000/softfp/libPeriphDriver_softfp.a(flc_me17.o)
                0x10014074                MXC_FLC_Write
 .text.MXC_FLC_Read
                0x10014078        0x4 /root/msdk-2024_02/Libraries/PeriphDrivers/bin/MAX78000/softfp/libPeriphDriver_softfp.a(flc_me17.o)
                0x10014078                MXC_FLC_Read
 .text.MXC_FLC_EnableInt
                0x1001407c        0x4 /root/msdk-2024_02/Libraries/PeriphDrivers/bin/MAX78000/softfp/libPeriphDriver_softfp.a(flc_me17.o)
                0x1001407c                MXC_FLC_EnableInt
 .text.MXC_FLC_RevA_EnableInt
                0x10014080       0x20 /root/msdk-2024_02/Libraries/PeriphDrivers/bin/MAX78000/softfp/libPeriphDriver_softfp.a(flc_reva.o)
                0x10014080                MXC_FLC_RevA_EnableInt
 .text.MXC_GPIO_Init
                0x100140a0       0x40 /root/msdk-2024_02/Libraries/PeriphDrivers/bin/MAX78000/softfp/libPeriphDriver_softfp.a(gpio_ai85.o)
                0x100140a0                MXC_GPIO_Init
 .text.MXC_GPIO_Config
                0x100140e0      0x244 /root/msdk-2024_02/Libraries/PeriphDrivers/bin/MAX78000/softfp/libPeriphDriver_softfp.a(gpio_ai85.o)
                0x100140e0                MXC_GPIO_Config
 .text.MXC_GPIO_OutSet
                0x10014324       0x2c /root/msdk-2024_02/Libraries/PeriphDrivers/bin/MAX78000/softfp/libPeriphDriver_softfp.a(gpio_ai85.o)
                0x10014324                MXC_GPIO_OutSet
 .text.MXC_GPIO_OutClr
                0x10014350       0x30 /root/msdk-2024_02/Libraries/PeriphDrivers/bin/MAX78000/softfp/libPeriphDriver_softfp.a(gpio_ai85.o)
                0x10014350                MXC_GPIO_OutClr
 .text.MXC_GPIO_Handler
                0x10014380        0x4 /root/msdk-2024_02/Libraries/PeriphDrivers/bin/MAX78000/softfp/libPeriphDriver_softfp.a(gpio_ai85.o)
                0x10014380                MXC_GPIO_Handler
 .text.MXC_GPIO_ClearFlags
                0x10014384       0x18 /root/msdk-2024_02/Libraries/PeriphDrivers/bin/MAX78000/softfp/libPeriphDriver_softfp.a(gpio_ai85.o)
                0x10014384                MXC_GPIO_ClearFlags
 .text.MXC_GPIO_GetFlags
                0x1001439c       0x18 /root/msdk-2024_02/Libraries/PeriphDrivers/bin/MAX78000/softfp/libPeriphDriver_softfp.a(gpio_ai85.o)
                0x1001439c                MXC_GPIO_GetFlags
 .text.MXC_GPIO_RevA_OutSet
                0x100143b4        0x4 /root/msdk-2024_02/Libraries/PeriphDrivers/bin/MAX78000/softfp/libPeriphDriver_softfp.a(gpio_reva.o)
                0x100143b4                MXC_GPIO_RevA_OutSet
 .text.MXC_GPIO_RevA_OutClr
                0x100143b8        0x4 /root/msdk-2024_02/Libraries/PeriphDrivers/bin/MAX78000/softfp/libPeriphDriver_softfp.a(gpio_reva.o)
                0x100143b8                MXC_GPIO_RevA_OutClr
 .text.MXC_GPIO_RevA_ClearFlags
                0x100143bc        0x4 /root/msdk-2024_02/Libraries/PeriphDrivers/bin/MAX78000/softfp/libPeriphDriver_softfp.a(gpio_reva.o)
                0x100143bc                MXC_GPIO_RevA_ClearFlags
 .text.MXC_GPIO_RevA_GetFlags
                0x100143c0        0x4 /root/msdk-2024_02/Libraries/PeriphDrivers/bin/MAX78000/softfp/libPeriphDriver_softfp.a(gpio_reva.o)
                0x100143c0                MXC_GPIO_RevA_GetFlags
 .text.MXC_GPIO_RevA_SetVSSEL
                0x100143c4       0x2c /root/msdk-2024_02/Libraries/PeriphDrivers/bin/MAX78000/softfp/libPeriphDriver_softfp.a(gpio_reva.o)
                0x100143c4                MXC_GPIO_RevA_SetVSSEL
 .text.MXC_GPIO_RevA_SetAF
                0x100143f0       0x6c /root/msdk-2024_02/Libraries/PeriphDrivers/bin/MAX78000/softfp/libPeriphDriver_softfp.a(gpio_reva.o)
                0x100143f0                MXC_GPIO_RevA_SetAF
 .text.MXC_GPIO_RevA_SetDriveStrength
                0x1001445c       0x74 /root/msdk-2024_02/Libraries/PeriphDrivers/bin/MAX78000/softfp/libPeriphDriver_softfp.a(gpio_reva.o)
                0x1001445c                MXC_GPIO_RevA_SetDriveStrength
 .text.MXC_ICC_Enable
                0x100144d0        0x4 /root/msdk-2024_02/Libraries/PeriphDrivers/bin/MAX78000/softfp/libPeriphDriver_softfp.a(icc_me17.o)
                0x100144d0                MXC_ICC_Enable
 .text.MXC_ICC_Disable
                0x100144d4        0x4 /root/msdk-2024_02/Libraries/PeriphDrivers/bin/MAX78000/softfp/libPeriphDriver_softfp.a(icc_me17.o)
                0x100144d4                MXC_ICC_Disable
 .text.MXC_ICC_RevA_Enable
                0x100144d8       0x30 /root/msdk-2024_02/Libraries/PeriphDrivers/bin/MAX78000/softfp/libPeriphDriver_softfp.a(icc_reva.o)
                0x100144d8                MXC_ICC_RevA_Enable
 .text.MXC_ICC_RevA_Disable
                0x10014508       0x10 /root/msdk-2024_02/Libraries/PeriphDrivers/bin/MAX78000/softfp/libPeriphDriver_softfp.a(icc_reva.o)
                0x10014508                MXC_ICC_RevA_Disable
 .text.MXC_TMR_Init
                0x10014518      0x2e0 /root/msdk-2024_02/Libraries/PeriphDrivers/bin/MAX78000/softfp/libPeriphDriver_softfp.a(tmr_ai85.o)
                0x10014518                MXC_TMR_Init
 .text.MXC_TMR_Start
                0x100147f8        0x4 /root/msdk-2024_02/Libraries/PeriphDrivers/bin/MAX78000/softfp/libPeriphDriver_softfp.a(tmr_ai85.o)
                0x100147f8                MXC_TMR_Start
 .text.MXC_TMR_Stop
                0x100147fc        0x4 /root/msdk-2024_02/Libraries/PeriphDrivers/bin/MAX78000/softfp/libPeriphDriver_softfp.a(tmr_ai85.o)
                0x100147fc                MXC_TMR_Stop
 .text.MXC_TMR_ClearFlags
                0x10014800        0x4 /root/msdk-2024_02/Libraries/PeriphDrivers/bin/MAX78000/softfp/libPeriphDriver_softfp.a(tmr_ai85.o)
                0x10014800                MXC_TMR_ClearFlags
 .text.MXC_TMR_SetCount
                0x10014804        0x4 /root/msdk-2024_02/Libraries/PeriphDrivers/bin/MAX78000/softfp/libPeriphDriver_softfp.a(tmr_ai85.o)
                0x10014804                MXC_TMR_SetCount
 .text.MXC_TMR_TO_Start
                0x10014808        0x4 /root/msdk-2024_02/Libraries/PeriphDrivers/bin/MAX78000/softfp/libPeriphDriver_softfp.a(tmr_ai85.o)
                0x10014808                MXC_TMR_TO_Start
 .text.MXC_TMR_TO_Stop
                0x1001480c        0x4 /root/msdk-2024_02/Libraries/PeriphDrivers/bin/MAX78000/softfp/libPeriphDriver_softfp.a(tmr_ai85.o)
                0x1001480c                MXC_TMR_TO_Stop
 .text.MXC_TMR_TO_Elapsed
                0x10014810        0x4 /root/msdk-2024_02/Libraries/PeriphDrivers/bin/MAX78000/softfp/libPeriphDriver_softfp.a(tmr_ai85.o)
                0x10014810                MXC_TMR_TO_Elapsed
 .text.MXC_TMR_SW_Start
                0x10014814        0x4 /root/msdk-2024_02/Libraries/PeriphDrivers/bin/MAX78000/softfp/libPeriphDriver_softfp.a(tmr_ai85.o)
                0x10014814                MXC_TMR_SW_Start
 .text.MXC_TMR_SW_Stop
                0x10014818        0x4 /root/msdk-2024_02/Libraries/PeriphDrivers/bin/MAX78000/softfp/libPeriphDriver_softfp.a(tmr_ai85.o)
                0x10014818                MXC_TMR_SW_Stop
 .text.MXC_TMR_GetTime
                0x1001481c        0x4 /root/msdk-2024_02/Libraries/PeriphDrivers/bin/MAX78000/softfp/libPeriphDriver_softfp.a(tmr_ai85.o)
                0x1001481c                MXC_TMR_GetTime
 .text.MXC_TMR_RevB_SetClockSourceFreq
                0x10014820       0x7c /root/msdk-2024_02/Libraries/PeriphDrivers/bin/MAX78000/softfp/libPeriphDriver_softfp.a(tmr_revb.o)
                0x10014820                MXC_TMR_RevB_SetClockSourceFreq
 .text.MXC_TMR_RevB_GetClockSourceFreq
                0x1001489c       0x80 /root/msdk-2024_02/Libraries/PeriphDrivers/bin/MAX78000/softfp/libPeriphDriver_softfp.a(tmr_revb.o)
                0x1001489c                MXC_TMR_RevB_GetClockSourceFreq
 .text.MXC_TMR_RevB_ConfigGeneric
                0x1001491c       0xd0 /root/msdk-2024_02/Libraries/PeriphDrivers/bin/MAX78000/softfp/libPeriphDriver_softfp.a(tmr_revb.o)
                0x1001491c                MXC_TMR_RevB_ConfigGeneric
 .text.MXC_TMR_RevB_Init
                0x100149ec       0xf0 /root/msdk-2024_02/Libraries/PeriphDrivers/bin/MAX78000/softfp/libPeriphDriver_softfp.a(tmr_revb.o)
                0x100149ec                MXC_TMR_RevB_Init
 .text.MXC_TMR_RevB_Start
                0x10014adc       0x5c /root/msdk-2024_02/Libraries/PeriphDrivers/bin/MAX78000/softfp/libPeriphDriver_softfp.a(tmr_revb.o)
                0x10014adc                MXC_TMR_RevB_Start
 .text.MXC_TMR_RevB_Stop
                0x10014b38       0x58 /root/msdk-2024_02/Libraries/PeriphDrivers/bin/MAX78000/softfp/libPeriphDriver_softfp.a(tmr_revb.o)
                0x10014b38                MXC_TMR_RevB_Stop
 .text.MXC_TMR_RevB_ClearFlags
                0x10014b90       0x58 /root/msdk-2024_02/Libraries/PeriphDrivers/bin/MAX78000/softfp/libPeriphDriver_softfp.a(tmr_revb.o)
                0x10014b90                MXC_TMR_RevB_ClearFlags
 .text.MXC_TMR_RevB_SetCount
                0x10014be8       0x5c /root/msdk-2024_02/Libraries/PeriphDrivers/bin/MAX78000/softfp/libPeriphDriver_softfp.a(tmr_revb.o)
                0x10014be8                MXC_TMR_RevB_SetCount
 .text.MXC_TMR_RevB_TO_Start
                0x10014c44       0xd8 /root/msdk-2024_02/Libraries/PeriphDrivers/bin/MAX78000/softfp/libPeriphDriver_softfp.a(tmr_revb.o)
                0x10014c44                MXC_TMR_RevB_TO_Start
 .text.MXC_TMR_RevB_GetTime
                0x10014d1c      0x138 /root/msdk-2024_02/Libraries/PeriphDrivers/bin/MAX78000/softfp/libPeriphDriver_softfp.a(tmr_revb.o)
                0x10014d1c                MXC_TMR_RevB_GetTime
 .text.MXC_UART_Shutdown
                0x10014e54       0x6c /root/msdk-2024_02/Libraries/PeriphDrivers/bin/MAX78000/softfp/libPeriphDriver_softfp.a(uart_ai85.o)
                0x10014e54                MXC_UART_Shutdown
 .text.MXC_UART_Init
                0x10014ec0       0xb8 /root/msdk-2024_02/Libraries/PeriphDrivers/bin/MAX78000/softfp/libPeriphDriver_softfp.a(uart_ai85.o)
                0x10014ec0                MXC_UART_Init
 .text.MXC_UART_SetFrequency
                0x10014f78       0xd0 /root/msdk-2024_02/Libraries/PeriphDrivers/bin/MAX78000/softfp/libPeriphDriver_softfp.a(uart_ai85.o)
                0x10014f78                MXC_UART_SetFrequency
 .text.MXC_UART_GetFrequency
                0x10015048       0x54 /root/msdk-2024_02/Libraries/PeriphDrivers/bin/MAX78000/softfp/libPeriphDriver_softfp.a(uart_ai85.o)
                0x10015048                MXC_UART_GetFrequency
 .text.MXC_UART_SetDataSize
                0x1001509c        0x4 /root/msdk-2024_02/Libraries/PeriphDrivers/bin/MAX78000/softfp/libPeriphDriver_softfp.a(uart_ai85.o)
                0x1001509c                MXC_UART_SetDataSize
 .text.MXC_UART_SetStopBits
                0x100150a0        0x4 /root/msdk-2024_02/Libraries/PeriphDrivers/bin/MAX78000/softfp/libPeriphDriver_softfp.a(uart_ai85.o)
                0x100150a0                MXC_UART_SetStopBits
 .text.MXC_UART_SetParity
                0x100150a4        0x4 /root/msdk-2024_02/Libraries/PeriphDrivers/bin/MAX78000/softfp/libPeriphDriver_softfp.a(uart_ai85.o)
                0x100150a4                MXC_UART_SetParity
 .text.MXC_UART_ReadCharacterRaw
                0x100150a8        0x4 /root/msdk-2024_02/Libraries/PeriphDrivers/bin/MAX78000/softfp/libPeriphDriver_softfp.a(uart_ai85.o)
                0x100150a8                MXC_UART_ReadCharacterRaw
 .text.MXC_UART_WriteCharacterRaw
                0x100150ac        0x4 /root/msdk-2024_02/Libraries/PeriphDrivers/bin/MAX78000/softfp/libPeriphDriver_softfp.a(uart_ai85.o)
                0x100150ac                MXC_UART_WriteCharacterRaw
 .text.MXC_UART_ReadCharacter
                0x100150b0        0x4 /root/msdk-2024_02/Libraries/PeriphDrivers/bin/MAX78000/softfp/libPeriphDriver_softfp.a(uart_ai85.o)
                0x100150b0                MXC_UART_ReadCharacter
 .text.MXC_UART_WriteCharacter
                0x100150b4        0x4 /root/msdk-2024_02/Libraries/PeriphDrivers/bin/MAX78000/softfp/libPeriphDriver_softfp.a(uart_ai85.o)
                0x100150b4                MXC_UART_WriteCharacter
 .text.MXC_UART_GetRXFIFOAvailable
                0x100150b8        0x4 /root/msdk-2024_02/Libraries/PeriphDrivers/bin/MAX78000/softfp/libPeriphDriver_softfp.a(uart_ai85.o)
                0x100150b8                MXC_UART_GetRXFIFOAvailable
 .text.MXC_UART_GetTXFIFOAvailable
                0x100150bc        0x4 /root/msdk-2024_02/Libraries/PeriphDrivers/bin/MAX78000/softfp/libPeriphDriver_softfp.a(uart_ai85.o)
                0x100150bc                MXC_UART_GetTXFIFOAvailable
 .text.MXC_UART_SetRXThreshold
                0x100150c0        0x4 /root/msdk-2024_02/Libraries/PeriphDrivers/bin/MAX78000/softfp/libPeriphDriver_softfp.a(uart_ai85.o)
                0x100150c0                MXC_UART_SetRXThreshold
 .text.MXC_UART_Common_ReadCharacter
                0x100150c4       0x18 /root/msdk-2024_02/Libraries/PeriphDrivers/bin/MAX78000/softfp/libPeriphDriver_softfp.a(uart_common.o)
                0x100150c4                MXC_UART_Common_ReadCharacter
 .text.MXC_UART_Common_WriteCharacter
                0x100150dc       0x1c /root/msdk-2024_02/Libraries/PeriphDrivers/bin/MAX78000/softfp/libPeriphDriver_softfp.a(uart_common.o)
                0x100150dc                MXC_UART_Common_WriteCharacter
 .text.MXC_UART_RevB_Init
                0x100150f8       0xe0 /root/msdk-2024_02/Libraries/PeriphDrivers/bin/MAX78000/softfp/libPeriphDriver_softfp.a(uart_revb.o)
                0x100150f8                MXC_UART_RevB_Init
 .text.MXC_UART_RevB_SetFrequency
                0x100151d8       0x70 /root/msdk-2024_02/Libraries/PeriphDrivers/bin/MAX78000/softfp/libPeriphDriver_softfp.a(uart_revb.o)
                0x100151d8                MXC_UART_RevB_SetFrequency
 .text.MXC_UART_RevB_GetFrequency
                0x10015248       0x58 /root/msdk-2024_02/Libraries/PeriphDrivers/bin/MAX78000/softfp/libPeriphDriver_softfp.a(uart_revb.o)
                0x10015248                MXC_UART_RevB_GetFrequency
 .text.MXC_UART_RevB_SetDataSize
                0x100152a0       0x20 /root/msdk-2024_02/Libraries/PeriphDrivers/bin/MAX78000/softfp/libPeriphDriver_softfp.a(uart_revb.o)
                0x100152a0                MXC_UART_RevB_SetDataSize
 .text.MXC_UART_RevB_SetStopBits
                0x100152c0       0x24 /root/msdk-2024_02/Libraries/PeriphDrivers/bin/MAX78000/softfp/libPeriphDriver_softfp.a(uart_revb.o)
                0x100152c0                MXC_UART_RevB_SetStopBits
 .text.MXC_UART_RevB_SetParity
                0x100152e4       0x8c /root/msdk-2024_02/Libraries/PeriphDrivers/bin/MAX78000/softfp/libPeriphDriver_softfp.a(uart_revb.o)
                0x100152e4                MXC_UART_RevB_SetParity
 .text.MXC_UART_RevB_ReadCharacterRaw
                0x10015370       0x10 /root/msdk-2024_02/Libraries/PeriphDrivers/bin/MAX78000/softfp/libPeriphDriver_softfp.a(uart_revb.o)
                0x10015370                MXC_UART_RevB_ReadCharacterRaw
 .text.MXC_UART_RevB_WriteCharacterRaw
                0x10015380       0x14 /root/msdk-2024_02/Libraries/PeriphDrivers/bin/MAX78000/softfp/libPeriphDriver_softfp.a(uart_revb.o)
                0x10015380                MXC_UART_RevB_WriteCharacterRaw
 .text.MXC_UART_RevB_GetRXFIFOAvailable
                0x10015394        0x8 /root/msdk-2024_02/Libraries/PeriphDrivers/bin/MAX78000/softfp/libPeriphDriver_softfp.a(uart_revb.o)
                0x10015394                MXC_UART_RevB_GetRXFIFOAvailable
 .text.MXC_UART_RevB_GetTXFIFOAvailable
                0x1001539c        0xc /root/msdk-2024_02/Libraries/PeriphDrivers/bin/MAX78000/softfp/libPeriphDriver_softfp.a(uart_revb.o)
                0x1001539c                MXC_UART_RevB_GetTXFIFOAvailable
 .text.MXC_UART_RevB_SetRXThreshold
                0x100153a8       0x1c /root/msdk-2024_02/Libraries/PeriphDrivers/bin/MAX78000/softfp/libPeriphDriver_softfp.a(uart_revb.o)
                0x100153a8                MXC_UART_RevB_SetRXThreshold
 .text.MXC_GPIO_Common_Init
                0x100153c4       0x24 /root/msdk-2024_02/Libraries/PeriphDrivers/bin/MAX78000/softfp/libPeriphDriver_softfp.a(gpio_common.o)
                0x100153c4                MXC_GPIO_Common_Init
 .text.MXC_GPIO_Common_Handler
                0x100153e8       0x68 /root/msdk-2024_02/Libraries/PeriphDrivers/bin/MAX78000/softfp/libPeriphDriver_softfp.a(gpio_common.o)
                0x100153e8                MXC_GPIO_Common_Handler
 .text.MXC_TMR_Common_TO_Stop
                0x10015450       0x14 /root/msdk-2024_02/Libraries/PeriphDrivers/bin/MAX78000/softfp/libPeriphDriver_softfp.a(tmr_common.o)
                0x10015450                MXC_TMR_Common_TO_Stop
 .text.MXC_TMR_Common_SW_Start
                0x10015464        0x8 /root/msdk-2024_02/Libraries/PeriphDrivers/bin/MAX78000/softfp/libPeriphDriver_softfp.a(tmr_common.o)
                0x10015464                MXC_TMR_Common_SW_Start
 .text.MXC_TMR_Common_SW_Stop
                0x1001546c       0x14 /root/msdk-2024_02/Libraries/PeriphDrivers/bin/MAX78000/softfp/libPeriphDriver_softfp.a(tmr_common.o)
                0x1001546c                MXC_TMR_Common_SW_Stop
 .text.MXC_TMR_Common_TO_Elapsed
                0x10015480       0x54 /root/msdk-2024_02/Libraries/PeriphDrivers/bin/MAX78000/softfp/libPeriphDriver_softfp.a(tmr_common.o)
                0x10015480                MXC_TMR_Common_TO_Elapsed
 .text          0x100154d4       0x68 /usr/lib/gcc/arm-none-eabi/13.2.1/../../../arm-none-eabi/lib/thumb/v7e-m/nofp/libc.a(libc_a-strncpy.o)
                0x100154d4                strncpy
 *fill*         0x1001553c        0x4 
 .text          0x10015540       0xd8 /usr/lib/gcc/arm-none-eabi/13.2.1/../../../arm-none-eabi/lib/thumb/v7e-m/nofp/libc.a(libc_a-strlen.o)
                0x10015540                strlen
 .text          0x10015618       0xa4 /usr/lib/gcc/arm-none-eabi/13.2.1/../../../arm-none-eabi/lib/thumb/v7e-m/nofp/libc.a(libc_a-memset.o)
                0x10015618                memset
 .text          0x100156bc       0xd0 /usr/lib/gcc/arm-none-eabi/13.2.1/../../../arm-none-eabi/lib/thumb/v7e-m/nofp/libc.a(libc_a-strchr.o)
                0x100156bc                strchr
 .text          0x1001578c      0x5c0 /usr/lib/gcc/arm-none-eabi/13.2.1/../../../arm-none-eabi/lib/thumb/v7e-m/nofp/libc.a(libc_a-strstr.o)
                0x10015be0                strstr
 .text          0x10015d4c      0x19c /usr/lib/gcc/arm-none-eabi/13.2.1/../../../arm-none-eabi/lib/thumb/v7e-m/nofp/libc.a(libc_a-fflush.o)
                0x10015d4c                __sflush_r
                0x10015e74                _fflush_r
                0x10015ea0                fflush
 .text          0x10015ee8      0x100 /usr/lib/gcc/arm-none-eabi/13.2.1/../../../arm-none-eabi/lib/thumb/v7e-m/nofp/libc.a(libc_a-memmove.o)
                0x10015ee8                memmove
 .text          0x10015fe8        0xc /usr/lib/gcc/arm-none-eabi/13.2.1/../../../arm-none-eabi/lib/thumb/v7e-m/nofp/libc.a(libc_a-errno.o)
                0x10015fe8                __errno
 .text          0x10015ff4      0x2b0 /usr/lib/gcc/arm-none-eabi/13.2.1/../../../arm-none-eabi/lib/thumb/v7e-m/nofp/libc.a(libc_a-freer.o)
                0x10015ff4                _malloc_trim_r
                0x100160ac                _free_r
 .text          0x100162a4       0x5c /usr/lib/gcc/arm-none-eabi/13.2.1/../../../arm-none-eabi/lib/thumb/v7e-m/nofp/libc.a(libc_a-memcmp.o)
                0x100162a4                memcmp
 .text          0x10016300       0x10 /usr/lib/gcc/arm-none-eabi/13.2.1/../../../arm-none-eabi/lib/thumb/v7e-m/nofp/libc.a(libc_a-atoi.o)
                0x10016300                atoi
                0x10016308                _atoi_r
 .text          0x10016310      0x16c /usr/lib/gcc/arm-none-eabi/13.2.1/../../../arm-none-eabi/lib/thumb/v7e-m/nofp/libc.a(libc_a-strtol.o)
                0x10016448                _strtol_r
                0x1001644c                strtol_l
                0x10016464                strtol
 .text          0x1001647c       0x90 /usr/lib/gcc/arm-none-eabi/13.2.1/../../../arm-none-eabi/lib/thumb/v7e-m/nofp/libc.a(libc_a-fclose.o)
                0x1001647c                _fclose_r
                0x100164fc                fclose
 .text          0x1001650c      0x134 /usr/lib/gcc/arm-none-eabi/13.2.1/../../../arm-none-eabi/lib/thumb/v7e-m/nofp/libc.a(libc_a-memcpy.o)
                0x1001650c                memcpy
 .text          0x10016640       0x1c /usr/lib/gcc/arm-none-eabi/13.2.1/../../../arm-none-eabi/lib/thumb/v7e-m/nofp/libc.a(libc_a-sysconf.o)
                0x10016640                sysconf
 .text          0x1001665c       0x94 /usr/lib/gcc/arm-none-eabi/13.2.1/../../../arm-none-eabi/lib/thumb/v7e-m/nofp/libc.a(libc_a-stdio.o)
                0x1001665c                __sread
                0x10016680                __seofread
                0x10016684                __swrite
                0x100166c4                __sseek
                0x100166e8                __sclose
 .text          0x100166f0       0x50 /usr/lib/gcc/arm-none-eabi/13.2.1/../../../arm-none-eabi/lib/thumb/v7e-m/nofp/libc.a(libc_a-init.o)
                0x100166f0                __libc_init_array
 .text          0x10016740      0x344 /usr/lib/gcc/arm-none-eabi/13.2.1/../../../arm-none-eabi/lib/thumb/v7e-m/nofp/libc.a(libc_a-reallocr.o)
                0x10016740                _realloc_r
 .text          0x10016a84       0x2c /usr/lib/gcc/arm-none-eabi/13.2.1/../../../arm-none-eabi/lib/thumb/v7e-m/nofp/libc.a(libc_a-writer.o)
                0x10016a84                _write_r
 .text          0x10016ab0       0x2c /usr/lib/gcc/arm-none-eabi/13.2.1/../../../arm-none-eabi/lib/thumb/v7e-m/nofp/libc.a(libc_a-fstatr.o)
                0x10016ab0                _fstat_r
 .text          0x10016adc        0x8 /usr/lib/gcc/arm-none-eabi/13.2.1/../../../arm-none-eabi/lib/thumb/v7e-m/nofp/libc.a(libc_a-mlock.o)
                0x10016adc                __malloc_lock
                0x10016ae0                __malloc_unlock
 .text          0x10016ae4      0x224 /usr/lib/gcc/arm-none-eabi/13.2.1/../../../arm-none-eabi/lib/thumb/v7e-m/nofp/libc.a(libc_a-findfp.o)
                0x10016c14                __sfp
                0x10016cb8                __sinit
                0x10016cd8                __sfp_lock_acquire
                0x10016cdc                __sfp_lock_release
                0x10016ce0                __fp_lock_all
                0x10016cf4                __fp_unlock_all
 .text          0x10016d08       0x7c /usr/lib/gcc/arm-none-eabi/13.2.1/../../../arm-none-eabi/lib/thumb/v7e-m/nofp/libc.a(libc_a-puts.o)
                0x10016d08                _puts_r
                0x10016d74                puts
 .text          0x10016d84      0x2f8 /usr/lib/gcc/arm-none-eabi/13.2.1/../../../arm-none-eabi/lib/thumb/v7e-m/nofp/libc.a(libc_a-fvwrite.o)
                0x10016d84                __sfvwrite_r
 .text          0x1001707c        0xc /usr/lib/gcc/arm-none-eabi/13.2.1/../../../arm-none-eabi/lib/thumb/v7e-m/nofp/libc.a(libc_a-atexit.o)
                0x1001707c                atexit
 .text          0x10017088       0x80 /usr/lib/gcc/arm-none-eabi/13.2.1/../../../arm-none-eabi/lib/thumb/v7e-m/nofp/libc.a(libc_a-sprintf.o)
                0x10017088                _sprintf_r
                0x100170c4                sprintf
 .text          0x10017108       0x24 /usr/lib/gcc/arm-none-eabi/13.2.1/../../../arm-none-eabi/lib/thumb/v7e-m/nofp/libc.a(libc_a-strnlen.o)
                0x10017108                strnlen
 .text          0x1001712c       0x48 /usr/lib/gcc/arm-none-eabi/13.2.1/../../../arm-none-eabi/lib/thumb/v7e-m/nofp/libc.a(libc_a-printf.o)
                0x1001712c                _printf_r
                0x1001714c                printf
 .text          0x10017174       0x24 /usr/lib/gcc/arm-none-eabi/13.2.1/../../../arm-none-eabi/lib/thumb/v7e-m/nofp/libc.a(libc_a-sbrkr.o)
                0x10017174                _sbrk_r
 .text          0x10017198       0x24 /usr/lib/gcc/arm-none-eabi/13.2.1/../../../arm-none-eabi/lib/thumb/v7e-m/nofp/libc.a(libc_a-closer.o)
                0x10017198                _close_r
 .text          0x100171bc       0x28 /usr/lib/gcc/arm-none-eabi/13.2.1/../../../arm-none-eabi/lib/thumb/v7e-m/nofp/libc.a(libc_a-fini.o)
                0x100171bc                __libc_fini_array
 .text          0x100171e4       0x44 /usr/lib/gcc/arm-none-eabi/13.2.1/../../../arm-none-eabi/lib/thumb/v7e-m/nofp/libc.a(libc_a-fwalk.o)
                0x100171e4                _fwalk_sglue
 .text          0x10017228     0x14b4 /usr/lib/gcc/arm-none-eabi/13.2.1/../../../arm-none-eabi/lib/thumb/v7e-m/nofp/libc.a(libc_a-vfprintf.o)
                0x10017228                _vfprintf_r
                0x10018658                vfprintf
 .text          0x100186dc      0x13c /usr/lib/gcc/arm-none-eabi/13.2.1/../../../arm-none-eabi/lib/thumb/v7e-m/nofp/libc.a(libc_a-makebuf.o)
                0x100186dc                __smakebuf_r
                0x100187b8                __swhatbuf_r
 *fill*         0x10018818        0x8 
 .text          0x10018820       0xa0 /usr/lib/gcc/arm-none-eabi/13.2.1/../../../arm-none-eabi/lib/thumb/v7e-m/nofp/libc.a(libc_a-memchr.o)
                0x10018820                memchr
 .text          0x100188c0     0x13c8 /usr/lib/gcc/arm-none-eabi/13.2.1/../../../arm-none-eabi/lib/thumb/v7e-m/nofp/libc.a(libc_a-svfprintf.o)
                0x100188c0                _svfprintf_r
 .text          0x10019c88       0x2c /usr/lib/gcc/arm-none-eabi/13.2.1/../../../arm-none-eabi/lib/thumb/v7e-m/nofp/libc.a(libc_a-readr.o)
                0x10019c88                _read_r
 .text          0x10019cb4      0x55c /usr/lib/gcc/arm-none-eabi/13.2.1/../../../arm-none-eabi/lib/thumb/v7e-m/nofp/libc.a(libc_a-mallocr.o)
                0x10019cb4                _malloc_r
 .text          0x1001a210      0xfb0 /usr/lib/gcc/arm-none-eabi/13.2.1/../../../arm-none-eabi/lib/thumb/v7e-m/nofp/libc.a(libc_a-dtoa.o)
                0x1001a33c                _dtoa_r
 .text          0x1001b1c0       0xc4 /usr/lib/gcc/arm-none-eabi/13.2.1/../../../arm-none-eabi/lib/thumb/v7e-m/nofp/libc.a(libc_a-wsetup.o)
                0x1001b1c0                __swsetup_r
 .text          0x1001b284       0x2c /usr/lib/gcc/arm-none-eabi/13.2.1/../../../arm-none-eabi/lib/thumb/v7e-m/nofp/libc.a(libc_a-lseekr.o)
                0x1001b284                _lseek_r
 .text.startup  0x1001b2b0       0x14 /usr/lib/gcc/arm-none-eabi/13.2.1/../../../arm-none-eabi/lib/thumb/v7e-m/nofp/libc.a(libc_a-__call_atexit.o)
 .text          0x1001b2c4       0x64 /usr/lib/gcc/arm-none-eabi/13.2.1/../../../arm-none-eabi/lib/thumb/v7e-m/nofp/libc.a(libc_a-__atexit.o)
                0x1001b2c4                __register_exitproc
 .text          0x1001b328       0x24 /usr/lib/gcc/arm-none-eabi/13.2.1/../../../arm-none-eabi/lib/thumb/v7e-m/nofp/libc.a(libc_a-isattyr.o)
                0x1001b328                _isatty_r
 .text          0x1001b34c       0x58 /usr/lib/gcc/arm-none-eabi/13.2.1/../../../arm-none-eabi/lib/thumb/v7e-m/nofp/libc.a(libc_a-ssprint_r.o)
                0x1001b34c                __ssprint_r
 .text          0x1001b3a4       0x20 /usr/lib/gcc/arm-none-eabi/13.2.1/../../../arm-none-eabi/lib/thumb/v7e-m/nofp/libc.a(libc_a-sprint_r.o)
                0x1001b3a4                __sprint_r
 .text          0x1001b3c4       0x4c /usr/lib/gcc/arm-none-eabi/13.2.1/../../../arm-none-eabi/lib/thumb/v7e-m/nofp/libc.a(libc_a-assert.o)
                0x1001b3c4                __assert_func
                0x1001b404                __assert
 .text          0x1001b410      0xa8c /usr/lib/gcc/arm-none-eabi/13.2.1/../../../arm-none-eabi/lib/thumb/v7e-m/nofp/libc.a(libc_a-mprec.o)
                0x1001b410                _Balloc
                0x1001b45c                _Bfree
                0x1001b470                __multadd
                0x1001b510                __s2b
                0x1001b5c4                __hi0bits
                0x1001b608                __lo0bits
                0x1001b668                __i2b
                0x1001b6c4                __multiply
                0x1001b830                __pow5mult
                0x1001b8e4                __lshift
                0x1001b9d4                __mcmp
                0x1001ba14                __mdiff
                0x1001bb8c                __ulp
                0x1001bbd8                __b2d
                0x1001bc98                __d2b
                0x1001bd54                __ratio
                0x1001bdb0                _mprec_log10
                0x1001bde8                __copybits
                0x1001be44                __any_on
 .text          0x1001be9c       0x14 /usr/lib/gcc/arm-none-eabi/13.2.1/../../../arm-none-eabi/lib/thumb/v7e-m/nofp/libc.a(libc_a-localeconv.o)
                0x1001be9c                __localeconv_l
                0x1001bea0                _localeconv_r
                0x1001bea8                localeconv
 .text          0x1001beb0       0x40 /usr/lib/gcc/arm-none-eabi/13.2.1/../../../arm-none-eabi/lib/thumb/v7e-m/nofp/libc.a(libc_a-mbtowc_r.o)
                0x1001beb0                _mbtowc_r
                0x1001bec4                __ascii_mbtowc
 .text          0x1001bef0       0x10 /usr/lib/gcc/arm-none-eabi/13.2.1/../../../arm-none-eabi/lib/thumb/v7e-m/nofp/libc.a(libc_a-abort.o)
                0x1001bef0                abort
 .text          0x1001bf00       0x6c /usr/lib/gcc/arm-none-eabi/13.2.1/../../../arm-none-eabi/lib/thumb/v7e-m/nofp/libc.a(libc_a-callocr.o)
                0x1001bf00                _calloc_r
 .text          0x1001bf6c       0xc0 /usr/lib/gcc/arm-none-eabi/13.2.1/../../../arm-none-eabi/lib/thumb/v7e-m/nofp/libc.a(libc_a-ssputs_r.o)
                0x1001bf6c                __ssputs_r
 .text          0x1001c02c       0x44 /usr/lib/gcc/arm-none-eabi/13.2.1/../../../arm-none-eabi/lib/thumb/v7e-m/nofp/libc.a(libc_a-fiprintf.o)
                0x1001c02c                _fiprintf_r
                0x1001c048                fiprintf
 .text          0x1001c070       0x30 /usr/lib/gcc/arm-none-eabi/13.2.1/../../../arm-none-eabi/lib/thumb/v7e-m/nofp/libc.a(libc_a-wctomb_r.o)
                0x1001c070                _wctomb_r
                0x1001c084                __ascii_wctomb
 .text          0x1001c0a0      0x280 /usr/lib/gcc/arm-none-eabi/13.2.1/../../../arm-none-eabi/lib/thumb/v7e-m/nofp/libc.a(libc_a-signal.o)
                0x1001c0a0                _init_signal_r
                0x1001c0d0                _signal_r
                0x1001c120                _raise_r
                0x1001c174                __sigtramp_r
                0x1001c1d8                raise
                0x1001c230                signal
                0x1001c280                _init_signal
                0x1001c2b8                __sigtramp
 .text          0x1001c320       0x30 /usr/lib/gcc/arm-none-eabi/13.2.1/../../../arm-none-eabi/lib/thumb/v7e-m/nofp/libc.a(libc_a-signalr.o)
                0x1001c320                _kill_r
                0x1001c34c                _getpid_r
 .text          0x1001c350      0xb40 /usr/lib/gcc/arm-none-eabi/13.2.1/../../../arm-none-eabi/lib/thumb/v7e-m/nofp/libc.a(libc_a-vfiprintf.o)
                0x1001c350                _vfiprintf_r
                0x1001ce0c                vfiprintf
 .text          0x1001ce90        0x4 /usr/lib/gcc/arm-none-eabi/13.2.1/../../../arm-none-eabi/lib/thumb/v7e-m/nofp/libnosys.a(_exit.o)
                0x1001ce90                _exit
 .text          0x1001ce94      0x378 /usr/lib/gcc/arm-none-eabi/13.2.1/thumb/v7e-m/nofp/libgcc.a(_arm_addsubdf3.o)
                0x1001ce94                __aeabi_drsub
                0x1001ce9c                __aeabi_dsub
                0x1001ce9c                __subdf3
                0x1001cea0                __adddf3
                0x1001cea0                __aeabi_dadd
                0x1001d118                __aeabi_ui2d
                0x1001d118                __floatunsidf
                0x1001d138                __floatsidf
                0x1001d138                __aeabi_i2d
                0x1001d15c                __extendsfdf2
                0x1001d15c                __aeabi_f2d
                0x1001d1a0                __aeabi_ul2d
                0x1001d1a0                __floatundidf
                0x1001d1b0                __floatdidf
                0x1001d1b0                __aeabi_l2d
 .text          0x1001d20c      0x424 /usr/lib/gcc/arm-none-eabi/13.2.1/thumb/v7e-m/nofp/libgcc.a(_arm_muldivdf3.o)
                0x1001d20c                __aeabi_dmul
                0x1001d20c                __muldf3
                0x1001d460                __aeabi_ddiv
                0x1001d460                __divdf3
 .text          0x1001d630      0x110 /usr/lib/gcc/arm-none-eabi/13.2.1/thumb/v7e-m/nofp/libgcc.a(_arm_cmpdf2.o)
                0x1001d630                __gtdf2
                0x1001d630                __gedf2
                0x1001d638                __ltdf2
                0x1001d638                __ledf2
                0x1001d640                __cmpdf2
                0x1001d640                __eqdf2
                0x1001d640                __nedf2
                0x1001d6bc                __aeabi_cdrcmple
                0x1001d6cc                __aeabi_cdcmple
                0x1001d6cc                __aeabi_cdcmpeq
                0x1001d6dc                __aeabi_dcmpeq
                0x1001d6f0                __aeabi_dcmplt
                0x1001d704                __aeabi_dcmple
                0x1001d718                __aeabi_dcmpge
                0x1001d72c                __aeabi_dcmpgt
 .text          0x1001d740       0x2c /usr/lib/gcc/arm-none-eabi/13.2.1/thumb/v7e-m/nofp/libgcc.a(_arm_unorddf2.o)
                0x1001d740                __aeabi_dcmpun
                0x1001d740                __unorddf2
 .text          0x1001d76c       0x50 /usr/lib/gcc/arm-none-eabi/13.2.1/thumb/v7e-m/nofp/libgcc.a(_arm_fixdfsi.o)
                0x1001d76c                __fixdfsi
                0x1001d76c                __aeabi_d2iz
 .text          0x1001d7bc       0x30 /usr/lib/gcc/arm-none-eabi/13.2.1/thumb/v7e-m/nofp/libgcc.a(_aeabi_uldivmod.o)
                0x1001d7bc                __aeabi_uldivmod
 .text          0x1001d7ec      0x2bc /usr/lib/gcc/arm-none-eabi/13.2.1/thumb/v7e-m/nofp/libgcc.a(_udivmoddi4.o)
                0x1001d7ec                __udivmoddi4
 .text          0x1001daa8        0x4 /usr/lib/gcc/arm-none-eabi/13.2.1/thumb/v7e-m/nofp/libgcc.a(_dvmd_tls.o)
                0x1001daa8                __aeabi_ldiv0
                0x1001daa8                __aeabi_idiv0
 *(.rodata*)
 .rodata.generate_secrets.str1.4
                0x1001daac      0x6d2 /decoder/build/crypto_helper.o
                                  0xf (size before relaxing)
 .rodata.boot_flag.str1.4
                0x1001e17e       0x19 /decoder/build/decoder.o
 .rodata.update_subscription.str1.4
                0x1001e17e      0x125 /decoder/build/decoder.o
 .rodata.decode.str1.4
                0x1001e17e       0xee /decoder/build/decoder.o
 .rodata.init.str1.4
                0x1001e17e       0x1f /decoder/build/decoder.o
 .rodata.main.str1.4
                0x1001e17e       0xd1 /decoder/build/decoder.o
 *fill*         0x1001e17e        0x2 
 .rodata.djFIehjkklIH
                0x1001e180       0x70 /decoder/build/decoder.o
                0x1001e180                djFIehjkklIH
 .rodata.aseiFuengleR
                0x1001e1f0       0x70 /decoder/build/decoder.o
                0x1001e1f0                aseiFuengleR
 .rodata.flash_irq.str1.4
                0x1001e260       0x27 /decoder/build/flash_helper.o
 .rodata.uart_init.str1.4
                0x1001e260       0x1d /decoder/build/simple_uart.o
 .rodata.Td4    0x1001e260      0x100 /decoder/build/aes.o
 .rodata.Td     0x1001e360     0x1000 /decoder/build/aes.o
 .rodata.Te     0x1001f360     0x1000 /decoder/build/aes.o
 .rodata.rcon   0x10020360       0x28 /decoder/build/aes.o
 .rodata.K      0x10020388      0x100 /decoder/build/sha256.o
 .rodata.mxc_assert.str1.4
                0x10020488       0x19 /decoder/build/board.o
 .rodata.Board_Init.str1.4
                0x10020488       0x4d /decoder/build/board.o
 .rodata.num_leds
                0x10020488        0x4 /decoder/build/board.o
                0x10020488                num_leds
 .rodata.led_pin
                0x1002048c       0x24 /decoder/build/board.o
                0x1002048c                led_pin
 .rodata.num_pbs
                0x100204b0        0x4 /decoder/build/board.o
                0x100204b0                num_pbs
 .rodata.pb_pin
                0x100204b4       0x18 /decoder/build/board.o
                0x100204b4                pb_pin
 .rodata.LED_On.str1.4
                0x100204cc       0x43 /decoder/build/led.o
 .rodata.gpio_cfg_tmr5
                0x100204cc        0xc /root/msdk-2024_02/Libraries/PeriphDrivers/bin/MAX78000/softfp/libPeriphDriver_softfp.a(pins_ai85.o)
                0x100204cc                gpio_cfg_tmr5
 .rodata.gpio_cfg_tmr4
                0x100204d8        0xc /root/msdk-2024_02/Libraries/PeriphDrivers/bin/MAX78000/softfp/libPeriphDriver_softfp.a(pins_ai85.o)
                0x100204d8                gpio_cfg_tmr4
 .rodata.gpio_cfg_tmr3b
                0x100204e4        0xc /root/msdk-2024_02/Libraries/PeriphDrivers/bin/MAX78000/softfp/libPeriphDriver_softfp.a(pins_ai85.o)
                0x100204e4                gpio_cfg_tmr3b
 .rodata.gpio_cfg_tmr2b
                0x100204f0        0xc /root/msdk-2024_02/Libraries/PeriphDrivers/bin/MAX78000/softfp/libPeriphDriver_softfp.a(pins_ai85.o)
                0x100204f0                gpio_cfg_tmr2b
 .rodata.gpio_cfg_tmr1b
                0x100204fc        0xc /root/msdk-2024_02/Libraries/PeriphDrivers/bin/MAX78000/softfp/libPeriphDriver_softfp.a(pins_ai85.o)
                0x100204fc                gpio_cfg_tmr1b
 .rodata.gpio_cfg_tmr0b
                0x10020508        0xc /root/msdk-2024_02/Libraries/PeriphDrivers/bin/MAX78000/softfp/libPeriphDriver_softfp.a(pins_ai85.o)
                0x10020508                gpio_cfg_tmr0b
 .rodata.gpio_cfg_tmr3
                0x10020514        0xc /root/msdk-2024_02/Libraries/PeriphDrivers/bin/MAX78000/softfp/libPeriphDriver_softfp.a(pins_ai85.o)
                0x10020514                gpio_cfg_tmr3
 .rodata.gpio_cfg_tmr2
                0x10020520        0xc /root/msdk-2024_02/Libraries/PeriphDrivers/bin/MAX78000/softfp/libPeriphDriver_softfp.a(pins_ai85.o)
                0x10020520                gpio_cfg_tmr2
 .rodata.gpio_cfg_tmr1
                0x1002052c        0xc /root/msdk-2024_02/Libraries/PeriphDrivers/bin/MAX78000/softfp/libPeriphDriver_softfp.a(pins_ai85.o)
                0x1002052c                gpio_cfg_tmr1
 .rodata.gpio_cfg_tmr0
                0x10020538        0xc /root/msdk-2024_02/Libraries/PeriphDrivers/bin/MAX78000/softfp/libPeriphDriver_softfp.a(pins_ai85.o)
                0x10020538                gpio_cfg_tmr0
 .rodata.gpio_cfg_uart3
                0x10020544        0xc /root/msdk-2024_02/Libraries/PeriphDrivers/bin/MAX78000/softfp/libPeriphDriver_softfp.a(pins_ai85.o)
                0x10020544                gpio_cfg_uart3
 .rodata.gpio_cfg_uart2
                0x10020550        0xc /root/msdk-2024_02/Libraries/PeriphDrivers/bin/MAX78000/softfp/libPeriphDriver_softfp.a(pins_ai85.o)
                0x10020550                gpio_cfg_uart2
 .rodata.gpio_cfg_uart1
                0x1002055c        0xc /root/msdk-2024_02/Libraries/PeriphDrivers/bin/MAX78000/softfp/libPeriphDriver_softfp.a(pins_ai85.o)
                0x1002055c                gpio_cfg_uart1
 .rodata.gpio_cfg_uart0
                0x10020568        0xc /root/msdk-2024_02/Libraries/PeriphDrivers/bin/MAX78000/softfp/libPeriphDriver_softfp.a(pins_ai85.o)
                0x10020568                gpio_cfg_uart0
 .rodata.gpio_cfg_extclk
                0x10020574        0xc /root/msdk-2024_02/Libraries/PeriphDrivers/bin/MAX78000/softfp/libPeriphDriver_softfp.a(pins_ai85.o)
                0x10020574                gpio_cfg_extclk
 .rodata.MXC_TMR_Init.str1.4
                0x10020580       0x58 /root/msdk-2024_02/Libraries/PeriphDrivers/bin/MAX78000/softfp/libPeriphDriver_softfp.a(tmr_ai85.o)
 .rodata.MXC_TMR_RevB_SetClockSourceFreq.str1.4
                0x10020580       0x58 /root/msdk-2024_02/Libraries/PeriphDrivers/bin/MAX78000/softfp/libPeriphDriver_softfp.a(tmr_revb.o)
 .rodata.MXC_UART_RevB_Init.str1.4
                0x10020580       0x7b /root/msdk-2024_02/Libraries/PeriphDrivers/bin/MAX78000/softfp/libPeriphDriver_softfp.a(uart_revb.o)
 .rodata.MXC_GPIO_Common_Handler.str1.4
                0x10020580       0x6e /root/msdk-2024_02/Libraries/PeriphDrivers/bin/MAX78000/softfp/libPeriphDriver_softfp.a(gpio_common.o)
 .rodata.CSWTCH.16
                0x10020580       0x10 /root/msdk-2024_02/Libraries/PeriphDrivers/bin/MAX78000/softfp/libPeriphDriver_softfp.a(gpio_common.o)
 .rodata.str1.4
                0x10020590        0x2 /usr/lib/gcc/arm-none-eabi/13.2.1/../../../arm-none-eabi/lib/thumb/v7e-m/nofp/libc.a(libc_a-puts.o)
 .rodata        0x10020590      0x101 /usr/lib/gcc/arm-none-eabi/13.2.1/../../../arm-none-eabi/lib/thumb/v7e-m/nofp/libc.a(libc_a-ctype_.o)
                0x10020590                _ctype_
 .rodata.str1.4
                0x10020691       0x42 /usr/lib/gcc/arm-none-eabi/13.2.1/../../../arm-none-eabi/lib/thumb/v7e-m/nofp/libc.a(libc_a-vfprintf.o)
 *fill*         0x10020691        0x3 
 .rodata        0x10020694       0x20 /usr/lib/gcc/arm-none-eabi/13.2.1/../../../arm-none-eabi/lib/thumb/v7e-m/nofp/libc.a(libc_a-vfprintf.o)
 .rodata.str1.4
                0x100206b4       0x42 /usr/lib/gcc/arm-none-eabi/13.2.1/../../../arm-none-eabi/lib/thumb/v7e-m/nofp/libc.a(libc_a-svfprintf.o)
 .rodata        0x100206b4       0x20 /usr/lib/gcc/arm-none-eabi/13.2.1/../../../arm-none-eabi/lib/thumb/v7e-m/nofp/libc.a(libc_a-svfprintf.o)
 .rodata.str1.4
                0x100206d4       0x54 /usr/lib/gcc/arm-none-eabi/13.2.1/../../../arm-none-eabi/lib/thumb/v7e-m/nofp/libc.a(libc_a-dtoa.o)
 .rodata.str1.4
                0x100206d4       0x43 /usr/lib/gcc/arm-none-eabi/13.2.1/../../../arm-none-eabi/lib/thumb/v7e-m/nofp/libc.a(libc_a-assert.o)
 .rodata.str1.4
                0x100206d4       0x41 /usr/lib/gcc/arm-none-eabi/13.2.1/../../../arm-none-eabi/lib/thumb/v7e-m/nofp/libc.a(libc_a-mprec.o)
 *fill*         0x100206d4        0x4 
 .rodata        0x100206d8      0x128 /usr/lib/gcc/arm-none-eabi/13.2.1/../../../arm-none-eabi/lib/thumb/v7e-m/nofp/libc.a(libc_a-mprec.o)
                0x100206e8                __mprec_tens
                0x100207b0                __mprec_tinytens
                0x100207d8                __mprec_bigtens
 .rodata.str1.4
                0x10020800       0x12 /usr/lib/gcc/arm-none-eabi/13.2.1/../../../arm-none-eabi/lib/thumb/v7e-m/nofp/libc.a(libc_a-locale.o)
 .rodata.str1.4
                0x10020800       0x2f /usr/lib/gcc/arm-none-eabi/13.2.1/../../../arm-none-eabi/lib/thumb/v7e-m/nofp/libc.a(libc_a-vfiprintf.o)
 .rodata        0x10020800       0x20 /usr/lib/gcc/arm-none-eabi/13.2.1/../../../arm-none-eabi/lib/thumb/v7e-m/nofp/libc.a(libc_a-vfiprintf.o)
 *(.init)
 .init          0x10020820        0x4 /usr/lib/gcc/arm-none-eabi/13.2.1/thumb/v7e-m/nofp/crti.o
                0x10020820                _init
 .init          0x10020824        0x8 /usr/lib/gcc/arm-none-eabi/13.2.1/thumb/v7e-m/nofp/crtn.o
 *(.fini)
 .fini          0x1002082c        0x4 /usr/lib/gcc/arm-none-eabi/13.2.1/thumb/v7e-m/nofp/crti.o
                0x1002082c                _fini
 .fini          0x10020830        0x8 /usr/lib/gcc/arm-none-eabi/13.2.1/thumb/v7e-m/nofp/crtn.o
 .fini.__stub   0x10020838       0x20 linker stubs
 *(.eh_frame*)
 .eh_frame      0x10020858        0x0 /usr/lib/gcc/arm-none-eabi/13.2.1/thumb/v7e-m/nofp/crtbegin.o
 .eh_frame      0x10020858       0x34 /usr/lib/gcc/arm-none-eabi/13.2.1/../../../arm-none-eabi/lib/thumb/v7e-m/nofp/libc.a(libc_a-strlen.o)
 .eh_frame      0x1002088c       0x2c /usr/lib/gcc/arm-none-eabi/13.2.1/../../../arm-none-eabi/lib/thumb/v7e-m/nofp/libc.a(libc_a-memcpy.o)
 .eh_frame      0x100208b8       0x50 /usr/lib/gcc/arm-none-eabi/13.2.1/../../../arm-none-eabi/lib/thumb/v7e-m/nofp/libc.a(libc_a-memchr.o)
 .eh_frame      0x10020908        0x4 /usr/lib/gcc/arm-none-eabi/13.2.1/thumb/v7e-m/nofp/crtend.o
                0x1002090c                        _etext = .

.glue_7         0x1002090c        0x0
 .glue_7        0x1002090c        0x0 linker stubs

.glue_7t        0x1002090c        0x0
 .glue_7t       0x1002090c        0x0 linker stubs

.vfp11_veneer   0x1002090c        0x0
 .vfp11_veneer  0x1002090c        0x0 linker stubs

.v4_bx          0x1002090c        0x0
 .v4_bx         0x1002090c        0x0 linker stubs

.iplt           0x1002090c        0x0
 .iplt          0x1002090c        0x0 /usr/lib/gcc/arm-none-eabi/13.2.1/thumb/v7e-m/nofp/crtbegin.o

.bin_storage    0x1002090c        0x0
 FILL mask 0xff
                0x1002090c                        _bin_start_ = .
 *(.bin_storage_img)
                0x1002090c                        _bin_end_ = .
                0x1002090c                        . = ALIGN (0x4)

.rom_code       0x00000000        0x0
                0x00000000                        . = ALIGN (0x10)
                0x20000000                        _sran_code = .
 *(.rom_code_section)
                0x20000000                        _esran_code = .

.flash_code     0x1002090c        0x4
                0x10020910                        . = ALIGN (0x10)
 *fill*         0x1002090c        0x4 
                0x20000000                        _sran_code = .
 *(.flash_code_section)
                0x20000000                        _esran_code = .

.sram_code      0x20000000        0x0
                0x20000000                        . = ALIGN (0x10)
                0x20000000                        _sran_code = .
 *(.sram_code_section)
                0x20000000                        _esran_code = .

.ARM.exidx      0x10020910        0x8
                0x10020910                        __exidx_start = .
 *(.ARM.exidx*)
 .ARM.exidx     0x10020910        0x8 /usr/lib/gcc/arm-none-eabi/13.2.1/../../../arm-none-eabi/lib/thumb/v7e-m/nofp/libc.a(libc_a-strlen.o)
 .ARM.exidx     0x10020918        0x0 /usr/lib/gcc/arm-none-eabi/13.2.1/../../../arm-none-eabi/lib/thumb/v7e-m/nofp/libc.a(libc_a-memcpy.o)
                                  0x8 (size before relaxing)
 .ARM.exidx     0x10020918        0x0 /usr/lib/gcc/arm-none-eabi/13.2.1/../../../arm-none-eabi/lib/thumb/v7e-m/nofp/libc.a(libc_a-memchr.o)
                                  0x8 (size before relaxing)
 .ARM.exidx     0x10020918        0x0 /usr/lib/gcc/arm-none-eabi/13.2.1/thumb/v7e-m/nofp/libgcc.a(_udivmoddi4.o)
                                  0x8 (size before relaxing)
                0x10020918                        __exidx_end = .

.rel.dyn        0x10020918        0x0
 .rel.iplt      0x10020918        0x0 /usr/lib/gcc/arm-none-eabi/13.2.1/thumb/v7e-m/nofp/crtbegin.o

.data           0x20000000      0xbcc load address 0x10020918
                0x20000000                        _data = ALIGN (., 0x4)
 *(.data*)
 .data.last_channel.0
                0x20000000        0x4 /decoder/build/decoder.o
 .data.latency_timer
                0x20000004        0x4 /decoder/build/decoder.o
                0x20000004                latency_timer
 .data.ConsoleUart
                0x20000008        0x4 /decoder/build/board.o
                0x20000008                ConsoleUart
 .data.overflows
                0x2000000c        0x4 /root/msdk-2024_02/Libraries/PeriphDrivers/bin/MAX78000/softfp/libPeriphDriver_softfp.a(mxc_delay.o)
 .data.flc_int  0x20000010        0x4 /root/msdk-2024_02/Libraries/PeriphDrivers/bin/MAX78000/softfp/libPeriphDriver_softfp.a(flc_reva.o)
 *fill*         0x20000014        0x4 
 .data          0x20000018      0x128 /usr/lib/gcc/arm-none-eabi/13.2.1/../../../arm-none-eabi/lib/thumb/v7e-m/nofp/libc.a(libc_a-impure.o)
                0x20000018                _impure_ptr
                0x20000020                _impure_data
 .data          0x20000140        0xc /usr/lib/gcc/arm-none-eabi/13.2.1/../../../arm-none-eabi/lib/thumb/v7e-m/nofp/libc.a(libc_a-findfp.o)
                0x20000140                __sglue
 *fill*         0x2000014c        0x4 
 .data          0x20000150      0x410 /usr/lib/gcc/arm-none-eabi/13.2.1/../../../arm-none-eabi/lib/thumb/v7e-m/nofp/libc.a(libc_a-mallocr.o)
                0x20000150                __malloc_av_
                0x20000558                __malloc_sbrk_base
                0x2000055c                __malloc_trim_threshold
 .data          0x20000560      0x16c /usr/lib/gcc/arm-none-eabi/13.2.1/../../../arm-none-eabi/lib/thumb/v7e-m/nofp/libc.a(libc_a-locale.o)
                0x20000560                __global_locale
 *(.flashprog*)
 .flashprog     0x200006cc       0xcc /root/msdk-2024_02/Libraries/PeriphDrivers/bin/MAX78000/softfp/libPeriphDriver_softfp.a(flc_me17.o)
                0x200006cc                MXC_FLC_Busy
                0x200006d0                MXC_FLC_PageErase
                0x20000730                MXC_FLC_Write128
 .flashprog     0x20000798      0x310 /root/msdk-2024_02/Libraries/PeriphDrivers/bin/MAX78000/softfp/libPeriphDriver_softfp.a(flc_reva.o)
                0x20000798                MXC_FLC_RevA_Busy
                0x200007a8                MXC_FLC_RevA_MassErase
                0x20000824                MXC_FLC_RevA_PageErase
                0x200008a0                MXC_FLC_RevA_Write32
                0x20000940                MXC_FLC_RevA_Write32Using128
                0x20000a0c                MXC_FLC_RevA_Write128
 .flashprog     0x20000aa8      0x108 /root/msdk-2024_02/Libraries/PeriphDrivers/bin/MAX78000/softfp/libPeriphDriver_softfp.a(flc_common.o)
                0x20000aa8                MXC_FLC_Com_VerifyData
                0x20000ad0                MXC_FLC_Com_Write
                0x20000ba4                MXC_FLC_Com_Read
 .flashprog.__stub
                0x20000bb0       0x10 linker stubs
                0x20000bc0                        . = ALIGN (0x4)
                0x20000bc0                        PROVIDE (__preinit_array_start = .)
 *(.preinit_array)
                0x20000bc0                        PROVIDE (__preinit_array_end = .)
                0x20000bc0                        . = ALIGN (0x4)
                0x20000bc0                        PROVIDE (__init_array_start = .)
 *(SORT_BY_NAME(.init_array.*))
 .init_array.00000
                0x20000bc0        0x4 /usr/lib/gcc/arm-none-eabi/13.2.1/../../../arm-none-eabi/lib/thumb/v7e-m/nofp/libc.a(libc_a-__call_atexit.o)
 *(.init_array)
 .init_array    0x20000bc4        0x4 /usr/lib/gcc/arm-none-eabi/13.2.1/thumb/v7e-m/nofp/crtbegin.o
                0x20000bc8                        PROVIDE (__init_array_end = .)
                0x20000bc8                        . = ALIGN (0x4)
                0x20000bc8                        PROVIDE (__fini_array_start = .)
 *(SORT_BY_NAME(.fini_array.*))
 *(.fini_array)
 .fini_array    0x20000bc8        0x4 /usr/lib/gcc/arm-none-eabi/13.2.1/thumb/v7e-m/nofp/crtbegin.o
                0x20000bcc                        PROVIDE (__fini_array_end = .)
                0x20000bcc                        _edata = ALIGN (., 0x4)
                0x10020918                        __load_data = LOADADDR (.data)

.tm_clone_table
                0x20000bcc        0x0 load address 0x100214e4
 .tm_clone_table
                0x20000bcc        0x0 /usr/lib/gcc/arm-none-eabi/13.2.1/thumb/v7e-m/nofp/crtbegin.o
 .tm_clone_table
                0x20000bcc        0x0 /usr/lib/gcc/arm-none-eabi/13.2.1/thumb/v7e-m/nofp/crtend.o

.igot.plt       0x20000bcc        0x0 load address 0x100214e4
 .igot.plt      0x20000bcc        0x0 /usr/lib/gcc/arm-none-eabi/13.2.1/thumb/v7e-m/nofp/crtbegin.o

.bss            0x20000c00     0x1b6c load address 0x100214e4
                0x20000c00                        . = ALIGN (0x4)
                0x20000c00                        _bss = .
 *(.bss*)
 .bss           0x20000c00       0x1c /usr/lib/gcc/arm-none-eabi/13.2.1/thumb/v7e-m/nofp/crtbegin.o
 .bss.decoded_data.0
                0x20000c1c     0x1000 /decoder/build/crypto_helper.o
 .bss.kfa       0x20001c1c       0x20 /decoder/build/crypto_helper.o
                0x20001c1c                kfa
 .bss.ksa       0x20001c3c       0x20 /decoder/build/crypto_helper.o
                0x20001c3c                ksa
 .bss.kva       0x20001c5c       0x20 /decoder/build/crypto_helper.o
                0x20001c5c                kva
 .bss.kfe       0x20001c7c       0x20 /decoder/build/crypto_helper.o
                0x20001c7c                kfe
 .bss.kse       0x20001c9c       0x20 /decoder/build/crypto_helper.o
                0x20001c9c                kse
 .bss.kve       0x20001cbc       0x20 /decoder/build/crypto_helper.o
                0x20001cbc                kve
 *fill*         0x20001cdc        0x4 
 .bss.last_timestamp.1
                0x20001ce0        0x8 /decoder/build/decoder.o
 .bss.decoder_status
                0x20001ce8       0xc8 /decoder/build/decoder.o
                0x20001ce8                decoder_status
 .bss.channel_list
                0x20001db0       0x20 /decoder/build/decoder.o
                0x20001db0                channel_list
 .bss.heap_end  0x20001dd0        0x4 /decoder/build/heap.o
 .bss.cbFunc    0x20001dd4        0x4 /root/msdk-2024_02/Libraries/PeriphDrivers/bin/MAX78000/softfp/libPeriphDriver_softfp.a(mxc_delay.o)
 .bss.ctrl_save
                0x20001dd8        0x4 /root/msdk-2024_02/Libraries/PeriphDrivers/bin/MAX78000/softfp/libPeriphDriver_softfp.a(mxc_delay.o)
 .bss.endtick   0x20001ddc        0x4 /root/msdk-2024_02/Libraries/PeriphDrivers/bin/MAX78000/softfp/libPeriphDriver_softfp.a(mxc_delay.o)
 *fill*         0x20001de0       0x20 
 .bss.ramVectorTable
                0x20001e00      0x1e0 /root/msdk-2024_02/Libraries/PeriphDrivers/bin/MAX78000/softfp/libPeriphDriver_softfp.a(nvic_table.o)
 .bss.tmr_clksrc
                0x20001fe0       0x30 /root/msdk-2024_02/Libraries/PeriphDrivers/bin/MAX78000/softfp/libPeriphDriver_softfp.a(tmr_revb.o)
 .bss.states    0x20002010       0x50 /root/msdk-2024_02/Libraries/PeriphDrivers/bin/MAX78000/softfp/libPeriphDriver_softfp.a(uart_revb.o)
                0x20002010                states
 .bss.initialized
                0x20002060        0x1 /root/msdk-2024_02/Libraries/PeriphDrivers/bin/MAX78000/softfp/libPeriphDriver_softfp.a(gpio_common.o)
 *fill*         0x20002061        0x3 
 .bss.cbparam   0x20002064      0x200 /root/msdk-2024_02/Libraries/PeriphDrivers/bin/MAX78000/softfp/libPeriphDriver_softfp.a(gpio_common.o)
 .bss.callback  0x20002264      0x200 /root/msdk-2024_02/Libraries/PeriphDrivers/bin/MAX78000/softfp/libPeriphDriver_softfp.a(gpio_common.o)
 .bss           0x20002464      0x13c /usr/lib/gcc/arm-none-eabi/13.2.1/../../../arm-none-eabi/lib/thumb/v7e-m/nofp/libc.a(libc_a-findfp.o)
                0x20002464                __sf
                0x2000259c                __stdio_exit_handler
 .bss           0x200025a0       0x34 /usr/lib/gcc/arm-none-eabi/13.2.1/../../../arm-none-eabi/lib/thumb/v7e-m/nofp/libc.a(libc_a-mallocr.o)
                0x200025a0                __malloc_top_pad
                0x200025a4                __malloc_current_mallinfo
                0x200025cc                __malloc_max_sbrked_mem
                0x200025d0                __malloc_max_total_mem
 .bss           0x200025d4        0x4 /usr/lib/gcc/arm-none-eabi/13.2.1/../../../arm-none-eabi/lib/thumb/v7e-m/nofp/libc.a(libc_a-__call_atexit.o)
                0x200025d4                __atexit
 .bss           0x200025d8        0x4 /usr/lib/gcc/arm-none-eabi/13.2.1/../../../arm-none-eabi/lib/thumb/v7e-m/nofp/libc.a(libc_a-reent.o)
                0x200025d8                errno
 .bss           0x200025dc      0x190 /usr/lib/gcc/arm-none-eabi/13.2.1/../../../arm-none-eabi/lib/thumb/v7e-m/nofp/libc.a(libc_a-__atexit.o)
                0x200025dc                __atexit0
 *(COMMON)
                0x2000276c                        _ebss = ALIGN (., 0x4)

.shared         0x2000276c        0x4 load address 0x100214e4
                0x2000276c                        . = ALIGN (0x4)
                0x2000276c                        _shared = .
 *(.mailbox*)
                0x2000276c                        . = ALIGN (0x4)
 *(.shared*)
 .shared        0x2000276c        0x4 /decoder/build/system_max78000.o
                0x2000276c                SystemCoreClock
                0x20002770                        _eshared = ALIGN (., 0x4)
                0x100214e4                        __shared_data = LOADADDR (.shared)
                0x20020000                        __StackTop = (ORIGIN (SRAM) + LENGTH (SRAM))
                0x2001f000                        __StackLimit = (__StackTop - SIZEOF (.stack_dummy))

.stack_dummy    0x20002770     0x1000 load address 0x100214e8
 *(.stack*)
 .stack         0x20002770     0x1000 /decoder/build/startup_firmware.o

.heap           0x20002770      0xc00 load address 0x100214e8
                0x20002770                        . = ALIGN (0x4)
 *(.heap*)
 .heap          0x20002770      0xc00 /decoder/build/startup_firmware.o
                0x20002770                __HeapBase
                0x2001f000                        __HeapLimit = ABSOLUTE (__StackLimit)
                0x20020000                        PROVIDE (__stack = __StackTop)
                0x00000001                        ASSERT ((__StackLimit >= _ebss), region RAM overflowed with stack)
OUTPUT(/decoder/build/max78000.elf elf32-littlearm)
LOAD linker stubs

.ARM.attributes
                0x00000000       0x2a
 .ARM.attributes
                0x00000000       0x1e /usr/lib/gcc/arm-none-eabi/13.2.1/thumb/v7e-m/nofp/crti.o
 .ARM.attributes
                0x0000001e       0x2e /usr/lib/gcc/arm-none-eabi/13.2.1/thumb/v7e-m/nofp/crtbegin.o
 .ARM.attributes
                0x0000004c       0x2e /decoder/build/crypto_helper.o
 .ARM.attributes
                0x0000007a       0x2e /decoder/build/decoder.o
 .ARM.attributes
                0x000000a8       0x2e /decoder/build/flash_helper.o
 .ARM.attributes
                0x000000d6       0x2e /decoder/build/host_messaging.o
 .ARM.attributes
                0x00000104       0x2e /decoder/build/simple_uart.o
 .ARM.attributes
                0x00000132       0x2e /decoder/build/aes.o
 .ARM.attributes
                0x00000160       0x2e /decoder/build/hmac.o
 .ARM.attributes
                0x0000018e       0x2e /decoder/build/md5.o
 .ARM.attributes
                0x000001bc       0x2e /decoder/build/sha.o
 .ARM.attributes
                0x000001ea       0x2e /decoder/build/sha256.o
 .ARM.attributes
                0x00000218       0x2e /decoder/build/board.o
 .ARM.attributes
                0x00000246       0x2e /decoder/build/stdio.o
 .ARM.attributes
                0x00000274       0x2e /decoder/build/led.o
 .ARM.attributes
                0x000002a2       0x2e /decoder/build/pb.o
 .ARM.attributes
                0x000002d0       0x1b /decoder/build/startup_firmware.o
 .ARM.attributes
                0x000002eb       0x2e /decoder/build/heap.o
 .ARM.attributes
                0x00000319       0x2e /decoder/build/system_max78000.o
 .ARM.attributes
                0x00000347       0x2e /root/msdk-2024_02/Libraries/PeriphDrivers/bin/MAX78000/softfp/libPeriphDriver_softfp.a(mxc_delay.o)
 .ARM.attributes
                0x00000375       0x2e /root/msdk-2024_02/Libraries/PeriphDrivers/bin/MAX78000/softfp/libPeriphDriver_softfp.a(nvic_table.o)
 .ARM.attributes
                0x000003a3       0x2e /root/msdk-2024_02/Libraries/PeriphDrivers/bin/MAX78000/softfp/libPeriphDriver_softfp.a(pins_ai85.o)
 .ARM.attributes
                0x000003d1       0x2e /root/msdk-2024_02/Libraries/PeriphDrivers/bin/MAX78000/softfp/libPeriphDriver_softfp.a(sys_ai85.o)
 .ARM.attributes
                0x000003ff       0x2e /root/msdk-2024_02/Libraries/PeriphDrivers/bin/MAX78000/softfp/libPeriphDriver_softfp.a(flc_me17.o)
 .ARM.attributes
                0x0000042d       0x2e /root/msdk-2024_02/Libraries/PeriphDrivers/bin/MAX78000/softfp/libPeriphDriver_softfp.a(flc_reva.o)
 .ARM.attributes
                0x0000045b       0x2e /root/msdk-2024_02/Libraries/PeriphDrivers/bin/MAX78000/softfp/libPeriphDriver_softfp.a(gpio_ai85.o)
 .ARM.attributes
                0x00000489       0x2e /root/msdk-2024_02/Libraries/PeriphDrivers/bin/MAX78000/softfp/libPeriphDriver_softfp.a(gpio_reva.o)
 .ARM.attributes
                0x000004b7       0x2e /root/msdk-2024_02/Libraries/PeriphDrivers/bin/MAX78000/softfp/libPeriphDriver_softfp.a(icc_me17.o)
 .ARM.attributes
                0x000004e5       0x2e /root/msdk-2024_02/Libraries/PeriphDrivers/bin/MAX78000/softfp/libPeriphDriver_softfp.a(icc_reva.o)
 .ARM.attributes
                0x00000513       0x2e /root/msdk-2024_02/Libraries/PeriphDrivers/bin/MAX78000/softfp/libPeriphDriver_softfp.a(tmr_ai85.o)
 .ARM.attributes
                0x00000541       0x2e /root/msdk-2024_02/Libraries/PeriphDrivers/bin/MAX78000/softfp/libPeriphDriver_softfp.a(tmr_revb.o)
 .ARM.attributes
                0x0000056f       0x2e /root/msdk-2024_02/Libraries/PeriphDrivers/bin/MAX78000/softfp/libPeriphDriver_softfp.a(uart_ai85.o)
 .ARM.attributes
                0x0000059d       0x2e /root/msdk-2024_02/Libraries/PeriphDrivers/bin/MAX78000/softfp/libPeriphDriver_softfp.a(uart_common.o)
 .ARM.attributes
                0x000005cb       0x2e /root/msdk-2024_02/Libraries/PeriphDrivers/bin/MAX78000/softfp/libPeriphDriver_softfp.a(uart_revb.o)
 .ARM.attributes
                0x000005f9       0x2e /root/msdk-2024_02/Libraries/PeriphDrivers/bin/MAX78000/softfp/libPeriphDriver_softfp.a(flc_common.o)
 .ARM.attributes
                0x00000627       0x2e /root/msdk-2024_02/Libraries/PeriphDrivers/bin/MAX78000/softfp/libPeriphDriver_softfp.a(gpio_common.o)
 .ARM.attributes
                0x00000655       0x2e /root/msdk-2024_02/Libraries/PeriphDrivers/bin/MAX78000/softfp/libPeriphDriver_softfp.a(tmr_common.o)
 .ARM.attributes
                0x00000683       0x2e /usr/lib/gcc/arm-none-eabi/13.2.1/../../../arm-none-eabi/lib/thumb/v7e-m/nofp/libc.a(libc_a-strncpy.o)
 .ARM.attributes
                0x000006b1       0x1c /usr/lib/gcc/arm-none-eabi/13.2.1/../../../arm-none-eabi/lib/thumb/v7e-m/nofp/libc.a(libc_a-strlen.o)
 .ARM.attributes
                0x000006cd       0x2e /usr/lib/gcc/arm-none-eabi/13.2.1/../../../arm-none-eabi/lib/thumb/v7e-m/nofp/libc.a(libc_a-memset.o)
 .ARM.attributes
                0x000006fb       0x2e /usr/lib/gcc/arm-none-eabi/13.2.1/../../../arm-none-eabi/lib/thumb/v7e-m/nofp/libc.a(libc_a-strchr.o)
 .ARM.attributes
                0x00000729       0x2e /usr/lib/gcc/arm-none-eabi/13.2.1/../../../arm-none-eabi/lib/thumb/v7e-m/nofp/libc.a(libc_a-strstr.o)
 .ARM.attributes
                0x00000757       0x2e /usr/lib/gcc/arm-none-eabi/13.2.1/../../../arm-none-eabi/lib/thumb/v7e-m/nofp/libc.a(libc_a-fflush.o)
 .ARM.attributes
                0x00000785       0x2e /usr/lib/gcc/arm-none-eabi/13.2.1/../../../arm-none-eabi/lib/thumb/v7e-m/nofp/libc.a(libc_a-memmove.o)
 .ARM.attributes
                0x000007b3       0x2e /usr/lib/gcc/arm-none-eabi/13.2.1/../../../arm-none-eabi/lib/thumb/v7e-m/nofp/libc.a(libc_a-errno.o)
 .ARM.attributes
                0x000007e1       0x2e /usr/lib/gcc/arm-none-eabi/13.2.1/../../../arm-none-eabi/lib/thumb/v7e-m/nofp/libc.a(libc_a-impure.o)
 .ARM.attributes
                0x0000080f       0x2e /usr/lib/gcc/arm-none-eabi/13.2.1/../../../arm-none-eabi/lib/thumb/v7e-m/nofp/libc.a(libc_a-freer.o)
 .ARM.attributes
                0x0000083d       0x2e /usr/lib/gcc/arm-none-eabi/13.2.1/../../../arm-none-eabi/lib/thumb/v7e-m/nofp/libc.a(libc_a-memcmp.o)
 .ARM.attributes
                0x0000086b       0x2e /usr/lib/gcc/arm-none-eabi/13.2.1/../../../arm-none-eabi/lib/thumb/v7e-m/nofp/libc.a(libc_a-atoi.o)
 .ARM.attributes
                0x00000899       0x2e /usr/lib/gcc/arm-none-eabi/13.2.1/../../../arm-none-eabi/lib/thumb/v7e-m/nofp/libc.a(libc_a-strtol.o)
 .ARM.attributes
                0x000008c7       0x2e /usr/lib/gcc/arm-none-eabi/13.2.1/../../../arm-none-eabi/lib/thumb/v7e-m/nofp/libc.a(libc_a-fclose.o)
 .ARM.attributes
                0x000008f5       0x1c /usr/lib/gcc/arm-none-eabi/13.2.1/../../../arm-none-eabi/lib/thumb/v7e-m/nofp/libc.a(libc_a-memcpy.o)
 .ARM.attributes
                0x00000911       0x2e /usr/lib/gcc/arm-none-eabi/13.2.1/../../../arm-none-eabi/lib/thumb/v7e-m/nofp/libc.a(libc_a-sysconf.o)
 .ARM.attributes
                0x0000093f       0x2e /usr/lib/gcc/arm-none-eabi/13.2.1/../../../arm-none-eabi/lib/thumb/v7e-m/nofp/libc.a(libc_a-stdio.o)
 .ARM.attributes
                0x0000096d       0x2e /usr/lib/gcc/arm-none-eabi/13.2.1/../../../arm-none-eabi/lib/thumb/v7e-m/nofp/libc.a(libc_a-init.o)
 .ARM.attributes
                0x0000099b       0x2e /usr/lib/gcc/arm-none-eabi/13.2.1/../../../arm-none-eabi/lib/thumb/v7e-m/nofp/libc.a(libc_a-reallocr.o)
 .ARM.attributes
                0x000009c9       0x2e /usr/lib/gcc/arm-none-eabi/13.2.1/../../../arm-none-eabi/lib/thumb/v7e-m/nofp/libc.a(libc_a-writer.o)
 .ARM.attributes
                0x000009f7       0x2e /usr/lib/gcc/arm-none-eabi/13.2.1/../../../arm-none-eabi/lib/thumb/v7e-m/nofp/libc.a(libc_a-fstatr.o)
 .ARM.attributes
                0x00000a25       0x2e /usr/lib/gcc/arm-none-eabi/13.2.1/../../../arm-none-eabi/lib/thumb/v7e-m/nofp/libc.a(libc_a-mlock.o)
 .ARM.attributes
                0x00000a53       0x2e /usr/lib/gcc/arm-none-eabi/13.2.1/../../../arm-none-eabi/lib/thumb/v7e-m/nofp/libc.a(libc_a-findfp.o)
 .ARM.attributes
                0x00000a81       0x2e /usr/lib/gcc/arm-none-eabi/13.2.1/../../../arm-none-eabi/lib/thumb/v7e-m/nofp/libc.a(libc_a-puts.o)
 .ARM.attributes
                0x00000aaf       0x2e /usr/lib/gcc/arm-none-eabi/13.2.1/../../../arm-none-eabi/lib/thumb/v7e-m/nofp/libc.a(libc_a-fvwrite.o)
 .ARM.attributes
                0x00000add       0x2e /usr/lib/gcc/arm-none-eabi/13.2.1/../../../arm-none-eabi/lib/thumb/v7e-m/nofp/libc.a(libc_a-ctype_.o)
 .ARM.attributes
                0x00000b0b       0x2e /usr/lib/gcc/arm-none-eabi/13.2.1/../../../arm-none-eabi/lib/thumb/v7e-m/nofp/libc.a(libc_a-atexit.o)
 .ARM.attributes
                0x00000b39       0x2e /usr/lib/gcc/arm-none-eabi/13.2.1/../../../arm-none-eabi/lib/thumb/v7e-m/nofp/libc.a(libc_a-sprintf.o)
 .ARM.attributes
                0x00000b67       0x2e /usr/lib/gcc/arm-none-eabi/13.2.1/../../../arm-none-eabi/lib/thumb/v7e-m/nofp/libc.a(libc_a-strnlen.o)
 .ARM.attributes
                0x00000b95       0x2e /usr/lib/gcc/arm-none-eabi/13.2.1/../../../arm-none-eabi/lib/thumb/v7e-m/nofp/libc.a(libc_a-printf.o)
 .ARM.attributes
                0x00000bc3       0x2e /usr/lib/gcc/arm-none-eabi/13.2.1/../../../arm-none-eabi/lib/thumb/v7e-m/nofp/libc.a(libc_a-sbrkr.o)
 .ARM.attributes
                0x00000bf1       0x2e /usr/lib/gcc/arm-none-eabi/13.2.1/../../../arm-none-eabi/lib/thumb/v7e-m/nofp/libc.a(libc_a-closer.o)
 .ARM.attributes
                0x00000c1f       0x2e /usr/lib/gcc/arm-none-eabi/13.2.1/../../../arm-none-eabi/lib/thumb/v7e-m/nofp/libc.a(libc_a-fini.o)
 .ARM.attributes
                0x00000c4d       0x2e /usr/lib/gcc/arm-none-eabi/13.2.1/../../../arm-none-eabi/lib/thumb/v7e-m/nofp/libc.a(libc_a-fwalk.o)
 .ARM.attributes
                0x00000c7b       0x2e /usr/lib/gcc/arm-none-eabi/13.2.1/../../../arm-none-eabi/lib/thumb/v7e-m/nofp/libc.a(libc_a-vfprintf.o)
 .ARM.attributes
                0x00000ca9       0x2e /usr/lib/gcc/arm-none-eabi/13.2.1/../../../arm-none-eabi/lib/thumb/v7e-m/nofp/libc.a(libc_a-makebuf.o)
 .ARM.attributes
                0x00000cd7       0x1c /usr/lib/gcc/arm-none-eabi/13.2.1/../../../arm-none-eabi/lib/thumb/v7e-m/nofp/libc.a(libc_a-memchr.o)
 .ARM.attributes
                0x00000cf3       0x2e /usr/lib/gcc/arm-none-eabi/13.2.1/../../../arm-none-eabi/lib/thumb/v7e-m/nofp/libc.a(libc_a-svfprintf.o)
 .ARM.attributes
                0x00000d21       0x2e /usr/lib/gcc/arm-none-eabi/13.2.1/../../../arm-none-eabi/lib/thumb/v7e-m/nofp/libc.a(libc_a-readr.o)
 .ARM.attributes
                0x00000d4f       0x2e /usr/lib/gcc/arm-none-eabi/13.2.1/../../../arm-none-eabi/lib/thumb/v7e-m/nofp/libc.a(libc_a-mallocr.o)
 .ARM.attributes
                0x00000d7d       0x2e /usr/lib/gcc/arm-none-eabi/13.2.1/../../../arm-none-eabi/lib/thumb/v7e-m/nofp/libc.a(libc_a-dtoa.o)
 .ARM.attributes
                0x00000dab       0x2e /usr/lib/gcc/arm-none-eabi/13.2.1/../../../arm-none-eabi/lib/thumb/v7e-m/nofp/libc.a(libc_a-wsetup.o)
 .ARM.attributes
                0x00000dd9       0x2e /usr/lib/gcc/arm-none-eabi/13.2.1/../../../arm-none-eabi/lib/thumb/v7e-m/nofp/libc.a(libc_a-lseekr.o)
 .ARM.attributes
                0x00000e07       0x2e /usr/lib/gcc/arm-none-eabi/13.2.1/../../../arm-none-eabi/lib/thumb/v7e-m/nofp/libc.a(libc_a-__call_atexit.o)
 .ARM.attributes
                0x00000e35       0x2e /usr/lib/gcc/arm-none-eabi/13.2.1/../../../arm-none-eabi/lib/thumb/v7e-m/nofp/libc.a(libc_a-reent.o)
 .ARM.attributes
                0x00000e63       0x2e /usr/lib/gcc/arm-none-eabi/13.2.1/../../../arm-none-eabi/lib/thumb/v7e-m/nofp/libc.a(libc_a-__atexit.o)
 .ARM.attributes
                0x00000e91       0x2e /usr/lib/gcc/arm-none-eabi/13.2.1/../../../arm-none-eabi/lib/thumb/v7e-m/nofp/libc.a(libc_a-isattyr.o)
 .ARM.attributes
                0x00000ebf       0x2e /usr/lib/gcc/arm-none-eabi/13.2.1/../../../arm-none-eabi/lib/thumb/v7e-m/nofp/libc.a(libc_a-ssprint_r.o)
 .ARM.attributes